ts=2026-05-28T10:19:21.054Z level=WARN pid=12007 host=node-a component=retry reason=transient_socket_reset action=retry_ok
ts=2026-05-28T10:19:23.904Z level=INFO service=client host=client-host-1 pid=13200 component=order event=order_send order_id=O9200 client_order_id=CO-O9200 client_id=C900 symbol=META side=SELL qty=10 price=106.34 trace_id=T-O9200
ts=2026-05-28T10:19:25.608Z level=INFO service=client host=client-host-1 pid=13201 component=order event=order_send order_id=O9201 client_order_id=CO-O9201 client_id=C202 symbol=BRK.B side=BUY qty=10 price=437.78 trace_id=T-O9201
ts=2026-05-28T10:19:26.313Z level=INFO service=client host=client-host-1 pid=13202 component=order event=order_send order_id=O9202 client_order_id=CO-O9202 client_id=C505 symbol=BRK.B side=BUY qty=10 price=476.71 trace_id=T-O9202
ts=2026-05-28T10:19:27.879Z level=INFO service=client host=client-host-1 pid=13203 component=order event=order_send order_id=O9203 client_order_id=CO-O9203 client_id=C900 symbol=GOOG side=BUY qty=200 price=293.83 trace_id=T-O9203
ts=2026-05-28T10:19:30.218Z level=INFO service=client host=client-host-1 pid=13204 component=order event=order_send order_id=O9204 client_order_id=CO-O9204 client_id=C101 symbol=MSFT side=SELL qty=25 price=275.05 trace_id=T-O9204
ts=2026-05-28T10:19:31.981Z level=INFO service=client host=client-host-1 pid=13205 component=order event=order_send order_id=O9205 client_order_id=CO-O9205 client_id=C111 symbol=9988.HK side=SELL qty=10 price=245.24 trace_id=T-O9205
ts=2026-05-28T10:19:33.817Z level=INFO service=client host=client-host-1 pid=13206 component=order event=order_send order_id=O9206 client_order_id=CO-O9206 client_id=C111 symbol=TSLA side=SELL qty=100 price=451.95 trace_id=T-O9206
ts=2026-05-28T10:19:36.310Z level=INFO service=client host=client-host-1 pid=13207 component=order event=order_send order_id=O9207 client_order_id=CO-O9207 client_id=C111 symbol=TSLA side=BUY qty=10 price=306.02 trace_id=T-O9207
ts=2026-05-28T10:19:37.651Z level=INFO service=client host=client-host-1 pid=13208 component=order event=order_send order_id=O9208 client_order_id=CO-O9208 client_id=C707 symbol=GOOG side=SELL qty=25 price=306.91 trace_id=T-O9208
ts=2026-05-28T10:19:38.220Z level=INFO service=client host=client-host-1 pid=13209 component=order event=order_send order_id=O9209 client_order_id=CO-O9209 client_id=C101 symbol=0700.HK side=BUY qty=200 price=378.11 trace_id=T-O9209
ts=2026-05-28T10:19:40.752Z level=INFO service=client host=client-host-1 pid=13210 component=order event=order_send order_id=O9210 client_order_id=CO-O9210 client_id=C505 symbol=TSLA side=BUY qty=50 price=200.75 trace_id=T-O9210
ts=2026-05-28T10:19:42.309Z level=INFO service=client host=client-host-1 pid=13211 component=order event=order_send order_id=O9211 client_order_id=CO-O9211 client_id=C505 symbol=0700.HK side=BUY qty=200 price=189.4 trace_id=T-O9211
ts=2026-05-28T10:19:43.586Z level=INFO service=client host=client-host-1 pid=13212 component=order event=order_send order_id=O9212 client_order_id=CO-O9212 client_id=C404 symbol=AMZN side=BUY qty=50 price=274.8 trace_id=T-O9212
ts=2026-05-28T10:19:44.272Z level=INFO service=client host=client-host-1 pid=13213 component=order event=order_send order_id=O9213 client_order_id=CO-O9213 client_id=C505 symbol=NVDA side=SELL qty=200 price=281.19 trace_id=T-O9213
ts=2026-05-28T10:19:46.049Z level=INFO service=client host=client-host-1 pid=13214 component=order event=order_send order_id=O9214 client_order_id=CO-O9214 client_id=C505 symbol=9988.HK side=SELL qty=25 price=346.12 trace_id=T-O9214
ts=2026-05-28T10:19:00.900Z level=INFO service=client host=client-host-1 pid=9101 component=order event=order_send order_id=O1919 client_order_id=CO-O1919 client_id=C1919 symbol=AAPL side=BUY qty=100 trace_id=T-O1919
ts=2026-05-28T10:19:00.980Z level=WARN service=client host=client-host-1 pid=9101 component=order event=order_reject_received order_id=O1919 reason=CONFIG_ERROR trace_id=T-O1919
ts=2026-05-28T10:19:01.120Z level=INFO service=client host=client-host-1 pid=9101 component=order event=order_send order_id=O1920 client_id=C1919 symbol=AAPL side=BUY qty=100 trace_id=T-O1920
ts=2026-05-28T10:19:51.830Z level=INFO service=client host=client-host-1 pid=13100 component=order event=order_send order_id=O9100 client_order_id=CO-O9100 client_id=C606 symbol=MSFT side=BUY qty=200 price=84.82 trace_id=T-O9100
ts=2026-05-28T10:19:56.366Z level=INFO service=client host=client-host-1 pid=13101 component=order event=order_send order_id=O9101 client_order_id=CO-O9101 client_id=C707 symbol=AAPL side=BUY qty=200 price=430.06 trace_id=T-O9101
ts=2026-05-28T10:19:59.497Z level=INFO service=client host=client-host-1 pid=13102 component=order event=order_send order_id=O9102 client_order_id=CO-O9102 client_id=C111 symbol=GOOG side=BUY qty=10 price=398.0 trace_id=T-O9102
ts=2026-05-28T10:20:04.055Z level=INFO service=client host=client-host-1 pid=13103 component=order event=order_send order_id=O9103 client_order_id=CO-O9103 client_id=C606 symbol=META side=BUY qty=200 price=345.74 trace_id=T-O9103
ts=2026-05-28T10:20:13.816Z level=INFO service=client host=client-host-1 pid=13104 component=order event=order_send order_id=O9104 client_order_id=CO-O9104 client_id=C818 symbol=META side=SELL qty=100 price=229.92 trace_id=T-O9104
ts=2026-05-28T10:20:18.450Z level=INFO service=client host=client-host-1 pid=13105 component=order event=order_send order_id=O9105 client_order_id=CO-O9105 client_id=C505 symbol=BRK.B side=BUY qty=10 price=69.93 trace_id=T-O9105
ts=2026-05-28T10:20:38.145Z level=INFO service=client host=client-host-1 pid=13106 component=order event=order_send order_id=O9106 client_order_id=CO-O9106 client_id=C101 symbol=AMZN side=SELL qty=100 price=71.62 trace_id=T-O9106
ts=2026-05-28T10:20:43.285Z level=INFO service=client host=client-host-1 pid=13107 component=order event=order_send order_id=O9107 client_order_id=CO-O9107 client_id=C303 symbol=BRK.B side=BUY qty=10 price=278.95 trace_id=T-O9107
ts=2026-05-28T10:20:53.193Z level=INFO service=client host=client-host-1 pid=13108 component=order event=order_send order_id=O9108 client_order_id=CO-O9108 client_id=C101 symbol=BRK.B side=BUY qty=50 price=373.16 trace_id=T-O9108
ts=2026-05-28T10:20:58.011Z level=INFO service=client host=client-host-1 pid=13109 component=order event=order_send order_id=O9109 client_order_id=CO-O9109 client_id=C202 symbol=0700.HK side=BUY qty=25 price=190.7 trace_id=T-O9109
ts=2026-05-28T10:21:10.005Z level=INFO service=client host=client-host-1 pid=13110 component=order event=order_send order_id=O9110 client_order_id=CO-O9110 client_id=C202 symbol=TSLA side=BUY qty=25 price=128.13 trace_id=T-O9110
ts=2026-05-28T10:21:14.779Z level=INFO service=client host=client-host-1 pid=13111 component=order event=order_send order_id=O9111 client_order_id=CO-O9111 client_id=C202 symbol=GOOG side=BUY qty=100 price=493.92 trace_id=T-O9111
ts=2026-05-28T10:21:19.127Z level=INFO service=client host=client-host-1 pid=13112 component=order event=order_send order_id=O9112 client_order_id=CO-O9112 client_id=C707 symbol=9988.HK side=SELL qty=10 price=327.92 trace_id=T-O9112
ts=2026-05-28T10:21:23.953Z level=INFO service=client host=client-host-1 pid=13113 component=order event=order_send order_id=O9113 client_order_id=CO-O9113 client_id=C818 symbol=MSFT side=SELL qty=50 price=155.01 trace_id=T-O9113
ts=2026-05-28T10:21:28.619Z level=INFO service=client host=client-host-1 pid=13114 component=order event=order_send order_id=O9114 client_order_id=CO-O9114 client_id=C303 symbol=TSLA side=BUY qty=50 price=353.99 trace_id=T-O9114
ts=2026-05-28T10:21:33.899Z level=INFO service=client host=client-host-1 pid=13115 component=order event=order_send order_id=O9115 client_order_id=CO-O9115 client_id=C818 symbol=0700.HK side=BUY qty=10 price=264.08 trace_id=T-O9115
ts=2026-05-28T10:21:52.473Z level=INFO service=client host=client-host-1 pid=13116 component=order event=order_send order_id=O9116 client_order_id=CO-O9116 client_id=C202 symbol=META side=SELL qty=50 price=104.5 trace_id=T-O9116
ts=2026-05-28T10:21:58.343Z level=INFO service=client host=client-host-1 pid=13117 component=order event=order_send order_id=O9117 client_order_id=CO-O9117 client_id=C111 symbol=META side=BUY qty=25 price=288.02 trace_id=T-O9117
ts=2026-05-28T10:22:01.490Z level=INFO service=client host=client-host-1 pid=13118 component=order event=order_send order_id=O9118 client_order_id=CO-O9118 client_id=C202 symbol=AMZN side=BUY qty=100 price=424.7 trace_id=T-O9118
ts=2026-05-28T10:22:08.454Z level=INFO service=client host=client-host-1 pid=13119 component=order event=order_send order_id=O9119 client_order_id=CO-O9119 client_id=C404 symbol=BRK.B side=BUY qty=50 price=181.4 trace_id=T-O9119
ts=2026-05-28T10:22:21.471Z level=INFO service=client host=client-host-1 pid=13120 component=order event=order_send order_id=O9120 client_order_id=CO-O9120 client_id=C606 symbol=BRK.B side=BUY qty=200 price=131.42 trace_id=T-O9120
ts=2026-05-28T10:22:25.670Z level=INFO service=client host=client-host-1 pid=13121 component=order event=order_send order_id=O9121 client_order_id=CO-O9121 client_id=C606 symbol=META side=BUY qty=100 price=326.96 trace_id=T-O9121
ts=2026-05-28T10:22:34.144Z level=INFO service=client host=client-host-1 pid=13122 component=order event=order_send order_id=O9122 client_order_id=CO-O9122 client_id=C111 symbol=AAPL side=BUY qty=10 price=227.54 trace_id=T-O9122
ts=2026-05-28T10:22:47.051Z level=INFO service=client host=client-host-1 pid=13123 component=order event=order_send order_id=O9123 client_order_id=CO-O9123 client_id=C505 symbol=MSFT side=SELL qty=10 price=99.98 trace_id=T-O9123
ts=2026-05-28T10:22:53.005Z level=INFO service=client host=client-host-1 pid=13124 component=order event=order_send order_id=O9124 client_order_id=CO-O9124 client_id=C111 symbol=AAPL side=BUY qty=10 price=285.9 trace_id=T-O9124
ts=2026-05-28T10:22:57.657Z level=INFO service=client host=client-host-1 pid=13125 component=order event=order_send order_id=O9125 client_order_id=CO-O9125 client_id=C202 symbol=BRK.B side=SELL qty=100 price=222.26 trace_id=T-O9125
ts=2026-05-28T10:23:06.875Z level=INFO service=client host=client-host-1 pid=13126 component=order event=order_send order_id=O9126 client_order_id=CO-O9126 client_id=C505 symbol=META side=BUY qty=100 price=277.87 trace_id=T-O9126
ts=2026-05-28T10:23:14.670Z level=INFO service=client host=client-host-1 pid=13127 component=order event=order_send order_id=O9127 client_order_id=CO-O9127 client_id=C111 symbol=GOOG side=SELL qty=100 price=325.86 trace_id=T-O9127
ts=2026-05-28T10:23:18.156Z level=INFO service=client host=client-host-1 pid=13128 component=order event=order_send order_id=O9128 client_order_id=CO-O9128 client_id=C111 symbol=TSLA side=SELL qty=25 price=178.75 trace_id=T-O9128
ts=2026-05-28T10:23:26.112Z level=INFO service=client host=client-host-1 pid=13129 component=order event=order_send order_id=O9129 client_order_id=CO-O9129 client_id=C505 symbol=9988.HK side=BUY qty=200 price=50.27 trace_id=T-O9129
ts=2026-05-28T10:23:31.117Z level=INFO service=client host=client-host-1 pid=13130 component=order event=order_send order_id=O9130 client_order_id=CO-O9130 client_id=C818 symbol=MSFT side=SELL qty=50 price=476.13 trace_id=T-O9130
ts=2026-05-28T10:23:35.570Z level=INFO service=client host=client-host-1 pid=13131 component=order event=order_send order_id=O9131 client_order_id=CO-O9131 client_id=C202 symbol=GOOG side=BUY qty=200 price=389.43 trace_id=T-O9131
ts=2026-05-28T10:23:41.853Z level=INFO service=client host=client-host-1 pid=13132 component=order event=order_send order_id=O9132 client_order_id=CO-O9132 client_id=C202 symbol=NVDA side=BUY qty=50 price=296.99 trace_id=T-O9132
ts=2026-05-28T10:23:52.521Z level=INFO service=client host=client-host-1 pid=13133 component=order event=order_send order_id=O9133 client_order_id=CO-O9133 client_id=C404 symbol=TSLA side=BUY qty=100 price=209.82 trace_id=T-O9133
ts=2026-05-28T10:24:13.243Z level=INFO service=client host=client-host-1 pid=13134 component=order event=order_send order_id=O9134 client_order_id=CO-O9134 client_id=C111 symbol=BRK.B side=SELL qty=10 price=77.68 trace_id=T-O9134
ts=2026-05-28T10:24:16.763Z level=INFO service=client host=client-host-1 pid=13135 component=order event=order_send order_id=O9135 client_order_id=CO-O9135 client_id=C606 symbol=TSLA side=SELL qty=25 price=102.3 trace_id=T-O9135
ts=2026-05-28T10:24:23.879Z level=INFO service=client host=client-host-1 pid=13136 component=order event=order_send order_id=O9136 client_order_id=CO-O9136 client_id=C818 symbol=AMZN side=SELL qty=200 price=181.66 trace_id=T-O9136
ts=2026-05-28T10:24:30.280Z level=INFO service=client host=client-host-1 pid=13137 component=order event=order_send order_id=O9137 client_order_id=CO-O9137 client_id=C111 symbol=AAPL side=SELL qty=100 price=69.96 trace_id=T-O9137
ts=2026-05-28T10:24:34.605Z level=INFO service=client host=client-host-1 pid=13138 component=order event=order_send order_id=O9138 client_order_id=CO-O9138 client_id=C303 symbol=META side=BUY qty=200 price=373.53 trace_id=T-O9138
ts=2026-05-28T10:24:39.453Z level=INFO service=client host=client-host-1 pid=13139 component=order event=order_send order_id=O9139 client_order_id=CO-O9139 client_id=C404 symbol=GOOG side=BUY qty=25 price=456.18 trace_id=T-O9139
ts=2026-05-28T10:24:47.984Z level=INFO service=client host=client-host-1 pid=13140 component=order event=order_send order_id=O9140 client_order_id=CO-O9140 client_id=C707 symbol=GOOG side=SELL qty=100 price=488.92 trace_id=T-O9140
ts=2026-05-28T10:24:52.789Z level=INFO service=client host=client-host-1 pid=13141 component=order event=order_send order_id=O9141 client_order_id=CO-O9141 client_id=C111 symbol=AAPL side=SELL qty=100 price=149.61 trace_id=T-O9141
ts=2026-05-28T10:24:56.293Z level=INFO service=client host=client-host-1 pid=13142 component=order event=order_send order_id=O9142 client_order_id=CO-O9142 client_id=C101 symbol=9988.HK side=SELL qty=100 price=437.14 trace_id=T-O9142
ts=2026-05-28T10:25:08.638Z level=INFO service=client host=client-host-1 pid=13143 component=order event=order_send order_id=O9143 client_order_id=CO-O9143 client_id=C404 symbol=NVDA side=BUY qty=200 price=270.15 trace_id=T-O9143
ts=2026-05-28T10:25:16.212Z level=INFO service=client host=client-host-1 pid=13144 component=order event=order_send order_id=O9144 client_order_id=CO-O9144 client_id=C202 symbol=AAPL side=BUY qty=50 price=302.86 trace_id=T-O9144
ts=2026-05-28T10:25:21.724Z level=INFO service=client host=client-host-1 pid=13145 component=order event=order_send order_id=O9145 client_order_id=CO-O9145 client_id=C818 symbol=9988.HK side=BUY qty=25 price=372.98 trace_id=T-O9145
ts=2026-05-28T10:25:31.429Z level=INFO service=client host=client-host-1 pid=13146 component=order event=order_send order_id=O9146 client_order_id=CO-O9146 client_id=C111 symbol=NVDA side=SELL qty=100 price=180.74 trace_id=T-O9146
ts=2026-05-28T10:25:36.902Z level=INFO service=client host=client-host-1 pid=13147 component=order event=order_send order_id=O9147 client_order_id=CO-O9147 client_id=C818 symbol=AMZN side=BUY qty=50 price=443.46 trace_id=T-O9147
ts=2026-05-28T10:25:40.397Z level=INFO service=client host=client-host-1 pid=13148 component=order event=order_send order_id=O9148 client_order_id=CO-O9148 client_id=C606 symbol=TSLA side=SELL qty=100 price=149.0 trace_id=T-O9148
ts=2026-05-28T10:25:54.000Z level=INFO service=client host=client-host-1 pid=13149 component=order event=order_send order_id=O9149 client_order_id=CO-O9149 client_id=C101 symbol=BRK.B side=BUY qty=50 price=103.63 trace_id=T-O9149
ts=2026-05-28T10:26:06.020Z level=INFO service=client host=client-host-1 pid=13150 component=order event=order_send order_id=O9150 client_order_id=CO-O9150 client_id=C818 symbol=AMZN side=BUY qty=25 price=436.85 trace_id=T-O9150
ts=2026-05-28T10:26:10.715Z level=INFO service=client host=client-host-1 pid=13151 component=order event=order_send order_id=O9151 client_order_id=CO-O9151 client_id=C202 symbol=BRK.B side=BUY qty=100 price=310.87 trace_id=T-O9151
ts=2026-05-28T10:26:17.453Z level=INFO service=client host=client-host-1 pid=13152 component=order event=order_send order_id=O9152 client_order_id=CO-O9152 client_id=C505 symbol=AMZN side=SELL qty=50 price=70.71 trace_id=T-O9152
ts=2026-05-28T10:26:22.068Z level=INFO service=client host=client-host-1 pid=13153 component=order event=order_send order_id=O9153 client_order_id=CO-O9153 client_id=C202 symbol=MSFT side=BUY qty=25 price=280.76 trace_id=T-O9153
ts=2026-05-28T10:26:28.372Z level=INFO service=client host=client-host-1 pid=13154 component=order event=order_send order_id=O9154 client_order_id=CO-O9154 client_id=C303 symbol=NVDA side=BUY qty=50 price=383.13 trace_id=T-O9154
ts=2026-05-28T10:26:38.901Z level=INFO service=client host=client-host-1 pid=13155 component=order event=order_send order_id=O9155 client_order_id=CO-O9155 client_id=C202 symbol=TSLA side=SELL qty=100 price=462.53 trace_id=T-O9155
ts=2026-05-28T10:26:44.149Z level=INFO service=client host=client-host-1 pid=13156 component=order event=order_send order_id=O9156 client_order_id=CO-O9156 client_id=C111 symbol=NVDA side=SELL qty=10 price=366.31 trace_id=T-O9156
ts=2026-05-28T10:26:47.528Z level=INFO service=client host=client-host-1 pid=13157 component=order event=order_send order_id=O9157 client_order_id=CO-O9157 client_id=C818 symbol=MSFT side=SELL qty=200 price=187.58 trace_id=T-O9157
ts=2026-05-28T10:26:50.673Z level=INFO service=client host=client-host-1 pid=13158 component=order event=order_send order_id=O9158 client_order_id=CO-O9158 client_id=C900 symbol=AAPL side=SELL qty=100 price=376.47 trace_id=T-O9158
ts=2026-05-28T10:26:58.127Z level=INFO service=client host=client-host-1 pid=13159 component=order event=order_send order_id=O9159 client_order_id=CO-O9159 client_id=C111 symbol=9988.HK side=SELL qty=10 price=347.39 trace_id=T-O9159
ts=2026-05-28T10:27:04.228Z level=INFO service=client host=client-host-1 pid=13160 component=order event=order_send order_id=O9160 client_order_id=CO-O9160 client_id=C404 symbol=NVDA side=BUY qty=50 price=264.66 trace_id=T-O9160
ts=2026-05-28T10:27:11.576Z level=INFO service=client host=client-host-1 pid=13161 component=order event=order_send order_id=O9161 client_order_id=CO-O9161 client_id=C707 symbol=AMZN side=SELL qty=10 price=163.6 trace_id=T-O9161
ts=2026-05-28T10:27:16.013Z level=INFO service=client host=client-host-1 pid=13162 component=order event=order_send order_id=O9162 client_order_id=CO-O9162 client_id=C202 symbol=AAPL side=BUY qty=50 price=486.38 trace_id=T-O9162
ts=2026-05-28T10:27:23.534Z level=INFO service=client host=client-host-1 pid=13163 component=order event=order_send order_id=O9163 client_order_id=CO-O9163 client_id=C900 symbol=META side=SELL qty=50 price=82.65 trace_id=T-O9163
ts=2026-05-28T10:27:30.678Z level=INFO service=client host=client-host-1 pid=13164 component=order event=order_send order_id=O9164 client_order_id=CO-O9164 client_id=C606 symbol=BRK.B side=SELL qty=50 price=417.49 trace_id=T-O9164
