ts=2026-05-28T10:06:16.237Z level=WARN pid=12003 host=node-a component=book symbol=BRK.B reason=wide_spread spread_bps=42
ts=2026-05-28T10:06:24.724Z level=INFO service=engine host=engine-host-1 pid=16200 component=match event=fill_generated order_id=O9200 exec_id=E90200 symbol=AMZN side=BUY qty=25 price=189.34 trace_id=T-O9200
ts=2026-05-28T10:06:27.216Z level=INFO service=engine host=engine-host-1 pid=16202 component=match event=fill_generated order_id=O9202 exec_id=E90202 symbol=GOOG side=SELL qty=200 price=366.73 trace_id=T-O9202
ts=2026-05-28T10:06:29.976Z level=INFO service=engine host=engine-host-1 pid=16204 component=match event=fill_generated order_id=O9204 exec_id=E90204 symbol=NVDA side=SELL qty=50 price=312.89 trace_id=T-O9204
ts=2026-05-28T10:06:35.301Z level=INFO service=engine host=engine-host-1 pid=16207 component=match event=fill_generated order_id=O9207 exec_id=E90207 symbol=AMZN side=BUY qty=25 price=419.48 trace_id=T-O9207
ts=2026-05-28T10:06:39.457Z level=INFO service=engine host=engine-host-1 pid=16209 component=match event=fill_generated order_id=O9209 exec_id=E90209 symbol=9988.HK side=BUY qty=10 price=408.48 trace_id=T-O9209
ts=2026-05-28T10:06:40.590Z level=INFO service=engine host=engine-host-1 pid=16210 component=match event=fill_generated order_id=O9210 exec_id=E90210 symbol=GOOG side=SELL qty=10 price=325.65 trace_id=T-O9210
ts=2026-05-28T10:06:42.940Z level=INFO service=engine host=engine-host-1 pid=16211 component=match event=fill_generated order_id=O9211 exec_id=E90211 symbol=9988.HK side=BUY qty=100 price=484.09 trace_id=T-O9211
ts=2026-05-28T10:06:44.505Z level=INFO service=engine host=engine-host-1 pid=16212 component=match event=fill_generated order_id=O9212 exec_id=E90212 symbol=GOOG side=BUY qty=50 price=299.86 trace_id=T-O9212
ts=2026-05-28T10:06:45.483Z level=INFO service=engine host=engine-host-1 pid=16213 component=match event=fill_generated order_id=O9213 exec_id=E90213 symbol=MSFT side=BUY qty=200 price=431.57 trace_id=T-O9213
ts=2026-05-28T10:06:47.974Z level=INFO service=engine host=engine-host-1 pid=16214 component=match event=fill_generated order_id=O9214 exec_id=E90214 symbol=MSFT side=BUY qty=10 price=451.63 trace_id=T-O9214
ts=2026-05-28T10:06:01.950Z level=INFO service=engine host=engine-host-1 pid=9401 component=match event=fill_generated order_id=O6006 exec_id=E5606 qty=120 price=495.8
ts=2026-05-28T10:06:09.749Z level=INFO service=engine host=engine-host-1 pid=16100 component=match event=fill_generated order_id=O9100 exec_id=E90100 symbol=AMZN side=BUY qty=25 price=461.12 trace_id=T-O9100
ts=2026-05-28T10:06:15.499Z level=INFO service=engine host=engine-host-1 pid=16101 component=match event=fill_generated order_id=O9101 exec_id=E90101 symbol=AAPL side=SELL qty=50 price=419.71 trace_id=T-O9101
ts=2026-05-28T10:06:21.099Z level=INFO service=engine host=engine-host-1 pid=16102 component=match event=fill_generated order_id=O9102 exec_id=E90102 symbol=BRK.B side=SELL qty=10 price=311.54 trace_id=T-O9102
ts=2026-05-28T10:06:36.754Z level=INFO service=engine host=engine-host-1 pid=16105 component=match event=fill_generated order_id=O9105 exec_id=E90105 symbol=NVDA side=BUY qty=100 price=438.65 trace_id=T-O9105
ts=2026-05-28T10:06:49.713Z level=INFO service=engine host=engine-host-1 pid=16107 component=match event=fill_generated order_id=O9107 exec_id=E90107 symbol=BRK.B side=SELL qty=200 price=181.7 trace_id=T-O9107
ts=2026-05-28T10:07:00.311Z level=INFO service=engine host=engine-host-1 pid=16108 component=match event=fill_generated order_id=O9108 exec_id=E90108 symbol=MSFT side=BUY qty=25 price=72.25 trace_id=T-O9108
ts=2026-05-28T10:07:08.729Z level=INFO service=engine host=engine-host-1 pid=16109 component=match event=fill_generated order_id=O9109 exec_id=E90109 symbol=AMZN side=BUY qty=50 price=70.9 trace_id=T-O9109
ts=2026-05-28T10:07:13.314Z level=INFO service=engine host=engine-host-1 pid=16110 component=match event=fill_generated order_id=O9110 exec_id=E90110 symbol=AAPL side=SELL qty=200 price=271.75 trace_id=T-O9110
ts=2026-05-28T10:07:18.530Z level=INFO service=engine host=engine-host-1 pid=16111 component=match event=fill_generated order_id=O9111 exec_id=E90111 symbol=AMZN side=SELL qty=200 price=490.84 trace_id=T-O9111
ts=2026-05-28T10:07:30.652Z level=INFO service=engine host=engine-host-1 pid=16113 component=match event=fill_generated order_id=O9113 exec_id=E90113 symbol=AAPL side=SELL qty=25 price=265.95 trace_id=T-O9113
ts=2026-05-28T10:07:41.032Z level=INFO service=engine host=engine-host-1 pid=16114 component=match event=fill_generated order_id=O9114 exec_id=E90114 symbol=TSLA side=SELL qty=200 price=399.49 trace_id=T-O9114
ts=2026-05-28T10:08:00.130Z level=INFO service=engine host=engine-host-1 pid=16116 component=match event=fill_generated order_id=O9116 exec_id=E90116 symbol=BRK.B side=SELL qty=25 price=396.04 trace_id=T-O9116
ts=2026-05-28T10:08:05.817Z level=INFO service=engine host=engine-host-1 pid=16117 component=match event=fill_generated order_id=O9117 exec_id=E90117 symbol=META side=BUY qty=50 price=238.74 trace_id=T-O9117
ts=2026-05-28T10:08:16.668Z level=INFO service=engine host=engine-host-1 pid=16119 component=match event=fill_generated order_id=O9119 exec_id=E90119 symbol=AMZN side=SELL qty=10 price=123.86 trace_id=T-O9119
ts=2026-05-28T10:08:45.287Z level=INFO service=engine host=engine-host-1 pid=16123 component=match event=fill_generated order_id=O9123 exec_id=E90123 symbol=NVDA side=SELL qty=50 price=397.43 trace_id=T-O9123
ts=2026-05-28T10:08:57.312Z level=INFO service=engine host=engine-host-1 pid=16124 component=match event=fill_generated order_id=O9124 exec_id=E90124 symbol=AMZN side=SELL qty=200 price=411.45 trace_id=T-O9124
ts=2026-05-28T10:09:12.841Z level=INFO service=engine host=exec-pub-host-1 component=heartbeat event=heartbeat status=ok pid=10217
ts=2026-05-28T10:09:24.522Z level=INFO service=engine host=engine-host-1 pid=16127 component=match event=fill_generated order_id=O9127 exec_id=E90127 symbol=GOOG side=BUY qty=25 price=477.14 trace_id=T-O9127
ts=2026-05-28T10:09:37.815Z level=INFO service=engine host=engine-host-1 pid=16128 component=match event=fill_generated order_id=O9128 exec_id=E90128 symbol=AMZN side=BUY qty=100 price=429.56 trace_id=T-O9128
ts=2026-05-28T10:09:43.109Z level=INFO service=engine host=engine-host-1 pid=16129 component=match event=fill_generated order_id=O9129 exec_id=E90129 symbol=AAPL side=BUY qty=50 price=192.87 trace_id=T-O9129
ts=2026-05-28T10:09:44.558Z level=INFO service=engine host=gateway-host-1 component=heartbeat event=heartbeat status=ok pid=10264
ts=2026-05-28T10:09:47.156Z level=INFO service=engine host=engine-host-1 pid=16130 component=match event=fill_generated order_id=O9130 exec_id=E90130 symbol=AMZN side=SELL qty=100 price=274.13 trace_id=T-O9130
ts=2026-05-28T10:09:57.292Z level=INFO service=engine host=engine-host-1 pid=16131 component=match event=fill_generated order_id=O9131 exec_id=E90131 symbol=META side=BUY qty=200 price=200.42 trace_id=T-O9131
ts=2026-05-28T10:10:02.010Z level=INFO service=engine host=engine-host-1 pid=16132 component=match event=fill_generated order_id=O9132 exec_id=E90132 symbol=9988.HK side=BUY qty=100 price=268.66 trace_id=T-O9132
ts=2026-05-28T10:10:17.342Z level=INFO service=engine host=engine-host-1 pid=16134 component=match event=fill_generated order_id=O9134 exec_id=E90134 symbol=AMZN side=SELL qty=50 price=431.62 trace_id=T-O9134
ts=2026-05-28T10:10:19.565Z level=INFO service=engine host=gateway-host-2 component=heartbeat event=heartbeat status=ok pid=10678
ts=2026-05-28T10:10:22.029Z level=INFO service=engine host=engine-host-1 pid=16135 component=match event=fill_generated order_id=O9135 exec_id=E90135 symbol=AMZN side=SELL qty=10 price=357.3 trace_id=T-O9135
ts=2026-05-28T10:10:26.108Z level=INFO service=engine host=engine-host-1 pid=16136 component=match event=fill_generated order_id=O9136 exec_id=E90136 symbol=META side=BUY qty=50 price=335.11 trace_id=T-O9136
ts=2026-05-28T10:10:37.559Z level=INFO service=engine host=engine-host-1 pid=16137 component=match event=fill_generated order_id=O9137 exec_id=E90137 symbol=AMZN side=SELL qty=10 price=111.84 trace_id=T-O9137
ts=2026-05-28T10:10:42.342Z level=INFO service=engine host=engine-host-1 pid=16138 component=match event=fill_generated order_id=O9138 exec_id=E90138 symbol=NVDA side=SELL qty=25 price=120.66 trace_id=T-O9138
ts=2026-05-28T10:10:54.219Z level=INFO service=engine host=engine-host-1 pid=16140 component=match event=fill_generated order_id=O9140 exec_id=E90140 symbol=META side=SELL qty=100 price=120.97 trace_id=T-O9140
ts=2026-05-28T10:10:59.069Z level=INFO service=engine host=engine-host-1 pid=16141 component=match event=fill_generated order_id=O9141 exec_id=E90141 symbol=9988.HK side=SELL qty=25 price=156.31 trace_id=T-O9141
ts=2026-05-28T10:11:05.719Z level=INFO service=engine host=engine-host-1 pid=16142 component=match event=fill_generated order_id=O9142 exec_id=E90142 symbol=META side=BUY qty=25 price=164.85 trace_id=T-O9142
ts=2026-05-28T10:11:06.432Z level=INFO service=engine host=exec-pub-host-1 component=heartbeat event=heartbeat status=ok pid=10339
ts=2026-05-28T10:11:27.549Z level=INFO service=engine host=node-c component=heartbeat event=heartbeat status=ok pid=10428
ts=2026-05-28T10:11:34.347Z level=INFO service=engine host=engine-host-1 pid=16146 component=match event=fill_generated order_id=O9146 exec_id=E90146 symbol=META side=BUY qty=25 price=220.64 trace_id=T-O9146
ts=2026-05-28T10:11:37.253Z level=INFO service=engine host=engine-host-1 pid=16147 component=match event=fill_generated order_id=O9147 exec_id=E90147 symbol=NVDA side=SELL qty=100 price=420.05 trace_id=T-O9147
ts=2026-05-28T10:11:41.438Z level=INFO service=engine host=engine-host-1 pid=16148 component=match event=fill_generated order_id=O9148 exec_id=E90148 symbol=MSFT side=SELL qty=200 price=57.25 trace_id=T-O9148
ts=2026-05-28T10:11:54.477Z level=INFO service=engine host=engine-host-1 pid=16150 component=match event=fill_generated order_id=O9150 exec_id=E90150 symbol=META side=SELL qty=50 price=304.15 trace_id=T-O9150
ts=2026-05-28T10:11:58.330Z level=INFO service=engine host=engine-host-1 pid=16151 component=match event=fill_generated order_id=O9151 exec_id=E90151 symbol=META side=BUY qty=10 price=67.14 trace_id=T-O9151
ts=2026-05-28T10:12:01.973Z level=INFO service=engine host=engine-host-1 pid=16152 component=match event=fill_generated order_id=O9152 exec_id=E90152 symbol=AMZN side=SELL qty=10 price=426.88 trace_id=T-O9152
ts=2026-05-28T10:12:16.308Z level=INFO service=engine host=engine-host-1 pid=16153 component=match event=fill_generated order_id=O9153 exec_id=E90153 symbol=AAPL side=SELL qty=25 price=299.71 trace_id=T-O9153
ts=2026-05-28T10:12:22.772Z level=INFO service=engine host=engine-host-1 pid=16154 component=match event=fill_generated order_id=O9154 exec_id=E90154 symbol=NVDA side=SELL qty=10 price=387.52 trace_id=T-O9154
ts=2026-05-28T10:12:28.166Z level=INFO service=engine host=engine-host-1 pid=16155 component=match event=fill_generated order_id=O9155 exec_id=E90155 symbol=0700.HK side=SELL qty=10 price=223.94 trace_id=T-O9155
ts=2026-05-28T10:12:34.987Z level=INFO service=engine host=gateway-host-2 component=heartbeat event=heartbeat status=ok pid=10517
ts=2026-05-28T10:12:39.730Z level=INFO service=engine host=engine-host-1 pid=16156 component=match event=fill_generated order_id=O9156 exec_id=E90156 symbol=AAPL side=SELL qty=100 price=302.98 trace_id=T-O9156
