ts=2026-05-28T10:09:06.787Z level=INFO service=gateway host=engine-host-1 component=heartbeat event=heartbeat status=ok pid=10656
ts=2026-05-28T10:09:11.085Z level=WARN pid=12001 host=node-a component=rate_limiter reason=burst_detected client_id=C900 action=throttle_skipped
ts=2026-05-28T10:09:21.240Z level=INFO service=gateway host=gateway-host-1 pid=14200 component=ingress event=order_received order_id=O9200 client_id=C101 symbol=NVDA side=SELL qty=200 trace_id=T-O9200 latency_ms=16
ts=2026-05-28T10:09:21.317Z level=INFO service=gateway host=gateway-host-1 pid=14200 component=egress event=ack_to_client order_id=O9200 status=ACK latency_ms=126
ts=2026-05-28T10:09:23.986Z level=INFO service=gateway host=gateway-host-1 pid=14201 component=ingress event=order_received order_id=O9201 client_id=C606 symbol=TSLA side=SELL qty=200 trace_id=T-O9201 latency_ms=17
ts=2026-05-28T10:09:24.063Z level=INFO service=gateway host=gateway-host-1 pid=14201 component=egress event=ack_to_client order_id=O9201 status=ACK latency_ms=121
ts=2026-05-28T10:09:26.495Z level=INFO service=gateway host=gateway-host-2 pid=14202 component=ingress event=order_received order_id=O9202 client_id=C101 symbol=AMZN side=SELL qty=200 trace_id=T-O9202 latency_ms=3
ts=2026-05-28T10:09:26.572Z level=INFO service=gateway host=gateway-host-1 pid=14202 component=egress event=ack_to_client order_id=O9202 status=ACK latency_ms=113
ts=2026-05-28T10:09:27.855Z level=INFO service=gateway host=gateway-host-2 pid=14203 component=ingress event=order_received order_id=O9203 client_id=C404 symbol=NVDA side=BUY qty=25 trace_id=T-O9203 latency_ms=19
ts=2026-05-28T10:09:27.932Z level=INFO service=gateway host=gateway-host-1 pid=14203 component=egress event=ack_to_client order_id=O9203 status=ACK latency_ms=85
ts=2026-05-28T10:09:28.789Z level=INFO service=gateway host=gateway-host-1 pid=14204 component=ingress event=order_received order_id=O9204 client_id=C202 symbol=META side=SELL qty=50 trace_id=T-O9204 latency_ms=18
ts=2026-05-28T10:09:28.866Z level=INFO service=gateway host=gateway-host-1 pid=14204 component=egress event=ack_to_client order_id=O9204 status=ACK latency_ms=89
ts=2026-05-28T10:09:31.217Z level=INFO service=gateway host=gateway-host-1 pid=14205 component=ingress event=order_received order_id=O9205 client_id=C707 symbol=META side=BUY qty=25 trace_id=T-O9205 latency_ms=4
ts=2026-05-28T10:09:31.294Z level=INFO service=gateway host=gateway-host-1 pid=14205 component=egress event=ack_to_client order_id=O9205 status=ACK latency_ms=90
ts=2026-05-28T10:09:34.046Z level=INFO service=gateway host=gateway-host-1 pid=14206 component=ingress event=order_received order_id=O9206 client_id=C707 symbol=NVDA side=SELL qty=100 trace_id=T-O9206 latency_ms=17
ts=2026-05-28T10:09:34.123Z level=INFO service=gateway host=gateway-host-1 pid=14206 component=egress event=ack_to_client order_id=O9206 status=ACK latency_ms=135
ts=2026-05-28T10:09:35.200Z level=INFO service=gateway host=gateway-host-2 pid=14207 component=ingress event=order_received order_id=O9207 client_id=C101 symbol=BRK.B side=BUY qty=200 trace_id=T-O9207 latency_ms=6
ts=2026-05-28T10:09:35.277Z level=INFO service=gateway host=gateway-host-1 pid=14207 component=egress event=ack_to_client order_id=O9207 status=ACK latency_ms=138
ts=2026-05-28T10:09:36.287Z level=INFO service=gateway host=gateway-host-2 pid=14208 component=ingress event=order_received order_id=O9208 client_id=C202 symbol=TSLA side=BUY qty=200 trace_id=T-O9208 latency_ms=15
ts=2026-05-28T10:09:36.364Z level=INFO service=gateway host=gateway-host-1 pid=14208 component=egress event=ack_to_client order_id=O9208 status=ACK latency_ms=95
ts=2026-05-28T10:09:37.085Z level=INFO service=gateway host=gateway-host-2 pid=14209 component=ingress event=order_received order_id=O9209 client_id=C202 symbol=TSLA side=BUY qty=200 trace_id=T-O9209 latency_ms=6
ts=2026-05-28T10:09:37.162Z level=INFO service=gateway host=gateway-host-1 pid=14209 component=egress event=ack_to_client order_id=O9209 status=ACK latency_ms=126
ts=2026-05-28T10:09:39.300Z level=INFO service=gateway host=gateway-host-1 pid=14210 component=ingress event=order_received order_id=O9210 client_id=C818 symbol=GOOG side=SELL qty=50 trace_id=T-O9210 latency_ms=19
ts=2026-05-28T10:09:39.377Z level=INFO service=gateway host=gateway-host-1 pid=14210 component=egress event=ack_to_client order_id=O9210 status=ACK latency_ms=104
ts=2026-05-28T10:09:40.073Z level=INFO service=gateway host=gateway-host-2 pid=14211 component=ingress event=order_received order_id=O9211 client_id=C101 symbol=0700.HK side=SELL qty=200 trace_id=T-O9211 latency_ms=13
ts=2026-05-28T10:09:40.150Z level=INFO service=gateway host=gateway-host-1 pid=14211 component=egress event=ack_to_client order_id=O9211 status=ACK latency_ms=119
ts=2026-05-28T10:09:42.060Z level=INFO service=gateway host=gateway-host-1 pid=14212 component=ingress event=order_received order_id=O9212 client_id=C111 symbol=NVDA side=BUY qty=50 trace_id=T-O9212 latency_ms=20
ts=2026-05-28T10:09:42.137Z level=INFO service=gateway host=gateway-host-1 pid=14212 component=egress event=ack_to_client order_id=O9212 status=ACK latency_ms=99
ts=2026-05-28T10:09:44.348Z level=INFO service=gateway host=gateway-host-1 pid=14213 component=ingress event=order_received order_id=O9213 client_id=C101 symbol=TSLA side=BUY qty=100 trace_id=T-O9213 latency_ms=21
ts=2026-05-28T10:09:44.425Z level=INFO service=gateway host=gateway-host-1 pid=14213 component=egress event=ack_to_client order_id=O9213 status=ACK latency_ms=110
ts=2026-05-28T10:09:45.411Z level=INFO service=gateway host=gateway-host-1 pid=14214 component=ingress event=order_received order_id=O9214 client_id=C303 symbol=0700.HK side=BUY qty=25 trace_id=T-O9214 latency_ms=7
ts=2026-05-28T10:09:45.488Z level=INFO service=gateway host=gateway-host-1 pid=14214 component=egress event=ack_to_client order_id=O9214 status=ACK latency_ms=82
ts=2026-05-28T10:09:00.920Z level=INFO service=gateway host=gateway-host-1 pid=9201 component=ingress event=order_received order_id=O9009 client_id=C909 symbol=GOOG side=BUY qty=75 trace_id=T-O9009 latency_ms=6
ts=2026-05-28T10:09:00.940Z level=INFO service=gateway host=gateway-host-1 pid=9201 component=router event=order_routed order_id=O9009 route=risk svc=risk-v1 trace_id=T-O9009
ts=2026-05-28T10:09:00.960Z level=INFO service=gateway host=gateway-host-1 pid=9201 component=router_client event=connect_attempt order_id=O9009 remote_host=10.0.3.30 port=9100 trace_id=T-O9009
ts=2026-05-28T10:09:00.962Z level=ERROR service=gateway host=gateway-host-1 pid=9201 component=router_client event=connect_failed order_id=O9009 remote_host=10.0.3.30 port=9100 reason=connection_refused errno=ECONNREFUSED trace_id=T-O9009
ts=2026-05-28T10:09:00.980Z level=WARN service=gateway host=gateway-host-1 pid=9201 component=egress event=reject_to_client order_id=O9009 status=REJECTED reason=ROUTER_UNREACHABLE
ts=2026-05-28T10:09:10.833Z level=INFO service=gateway host=gateway-host-2 pid=14100 component=ingress event=order_received order_id=O9100 client_id=C900 symbol=GOOG side=SELL qty=25 trace_id=T-O9100 latency_ms=10
ts=2026-05-28T10:09:10.910Z level=INFO service=gateway host=gateway-host-1 pid=14100 component=egress event=ack_to_client order_id=O9100 status=ACK latency_ms=100
ts=2026-05-28T10:09:15.403Z level=INFO service=gateway host=gateway-host-2 pid=14101 component=ingress event=order_received order_id=O9101 client_id=C606 symbol=MSFT side=SELL qty=100 trace_id=T-O9101 latency_ms=22
ts=2026-05-28T10:09:15.480Z level=INFO service=gateway host=gateway-host-1 pid=14101 component=egress event=ack_to_client order_id=O9101 status=ACK latency_ms=102
ts=2026-05-28T10:09:18.754Z level=INFO service=gateway host=gateway-host-2 pid=14102 component=ingress event=order_received order_id=O9102 client_id=C101 symbol=BRK.B side=BUY qty=10 trace_id=T-O9102 latency_ms=16
ts=2026-05-28T10:09:18.831Z level=INFO service=gateway host=gateway-host-1 pid=14102 component=egress event=ack_to_client order_id=O9102 status=ACK latency_ms=113
ts=2026-05-28T10:09:28.160Z level=INFO service=gateway host=gateway-host-1 pid=14103 component=ingress event=order_received order_id=O9103 client_id=C101 symbol=BRK.B side=SELL qty=200 trace_id=T-O9103 latency_ms=4
ts=2026-05-28T10:09:28.237Z level=INFO service=gateway host=gateway-host-1 pid=14103 component=egress event=ack_to_client order_id=O9103 status=ACK latency_ms=126
ts=2026-05-28T10:09:33.805Z level=INFO service=gateway host=gateway-host-1 pid=14104 component=ingress event=order_received order_id=O9104 client_id=C900 symbol=9988.HK side=BUY qty=25 trace_id=T-O9104 latency_ms=16
ts=2026-05-28T10:09:33.882Z level=INFO service=gateway host=gateway-host-1 pid=14104 component=egress event=ack_to_client order_id=O9104 status=ACK latency_ms=111
ts=2026-05-28T10:09:46.116Z level=INFO service=gateway host=gateway-host-2 pid=14105 component=ingress event=order_received order_id=O9105 client_id=C818 symbol=META side=BUY qty=50 trace_id=T-O9105 latency_ms=14
ts=2026-05-28T10:09:46.193Z level=INFO service=gateway host=gateway-host-1 pid=14105 component=egress event=ack_to_client order_id=O9105 status=ACK latency_ms=102
ts=2026-05-28T10:10:10.172Z level=INFO service=gateway host=gateway-host-2 pid=14106 component=ingress event=order_received order_id=O9106 client_id=C101 symbol=META side=SELL qty=50 trace_id=T-O9106 latency_ms=17
ts=2026-05-28T10:10:10.249Z level=INFO service=gateway host=gateway-host-1 pid=14106 component=egress event=ack_to_client order_id=O9106 status=ACK latency_ms=120
ts=2026-05-28T10:10:15.246Z level=INFO service=gateway host=gateway-host-2 pid=14107 component=ingress event=order_received order_id=O9107 client_id=C101 symbol=TSLA side=BUY qty=25 trace_id=T-O9107 latency_ms=9
ts=2026-05-28T10:10:15.323Z level=INFO service=gateway host=gateway-host-1 pid=14107 component=egress event=ack_to_client order_id=O9107 status=ACK latency_ms=106
ts=2026-05-28T10:10:21.378Z level=INFO service=gateway host=gateway-host-2 pid=14108 component=ingress event=order_received order_id=O9108 client_id=C111 symbol=0700.HK side=BUY qty=100 trace_id=T-O9108 latency_ms=17
ts=2026-05-28T10:10:21.455Z level=INFO service=gateway host=gateway-host-1 pid=14108 component=egress event=ack_to_client order_id=O9108 status=ACK latency_ms=122
ts=2026-05-28T10:10:24.935Z level=INFO service=gateway host=gateway-host-1 pid=14109 component=ingress event=order_received order_id=O9109 client_id=C111 symbol=META side=BUY qty=100 trace_id=T-O9109 latency_ms=20
ts=2026-05-28T10:10:25.012Z level=INFO service=gateway host=gateway-host-1 pid=14109 component=egress event=ack_to_client order_id=O9109 status=ACK latency_ms=126
ts=2026-05-28T10:10:30.708Z level=INFO service=gateway host=gateway-host-2 pid=14110 component=ingress event=order_received order_id=O9110 client_id=C505 symbol=NVDA side=SELL qty=25 trace_id=T-O9110 latency_ms=14
ts=2026-05-28T10:10:30.785Z level=INFO service=gateway host=gateway-host-1 pid=14110 component=egress event=ack_to_client order_id=O9110 status=ACK latency_ms=100
ts=2026-05-28T10:10:35.549Z level=INFO service=gateway host=gateway-host-2 pid=14111 component=ingress event=order_received order_id=O9111 client_id=C818 symbol=0700.HK side=BUY qty=50 trace_id=T-O9111 latency_ms=3
ts=2026-05-28T10:10:35.626Z level=INFO service=gateway host=gateway-host-1 pid=14111 component=egress event=ack_to_client order_id=O9111 status=ACK latency_ms=112
ts=2026-05-28T10:10:42.240Z level=INFO service=gateway host=engine-host-1 component=heartbeat event=heartbeat status=ok pid=10577
ts=2026-05-28T10:10:44.478Z level=INFO service=gateway host=gateway-host-2 pid=14112 component=ingress event=order_received order_id=O9112 client_id=C606 symbol=TSLA side=SELL qty=50 trace_id=T-O9112 latency_ms=3
ts=2026-05-28T10:10:44.555Z level=INFO service=gateway host=gateway-host-1 pid=14112 component=egress event=ack_to_client order_id=O9112 status=ACK latency_ms=82
ts=2026-05-28T10:11:00.162Z level=INFO service=gateway host=gateway-host-2 pid=14113 component=ingress event=order_received order_id=O9113 client_id=C505 symbol=MSFT side=SELL qty=25 trace_id=T-O9113 latency_ms=7
ts=2026-05-28T10:11:00.239Z level=INFO service=gateway host=gateway-host-1 pid=14113 component=egress event=ack_to_client order_id=O9113 status=ACK latency_ms=90
ts=2026-05-28T10:11:11.425Z level=INFO service=gateway host=gateway-host-2 pid=14114 component=ingress event=order_received order_id=O9114 client_id=C303 symbol=AAPL side=BUY qty=50 trace_id=T-O9114 latency_ms=5
ts=2026-05-28T10:11:11.502Z level=INFO service=gateway host=gateway-host-1 pid=14114 component=egress event=ack_to_client order_id=O9114 status=ACK latency_ms=88
ts=2026-05-28T10:11:16.644Z level=INFO service=gateway host=gateway-host-1 pid=14115 component=ingress event=order_received order_id=O9115 client_id=C101 symbol=9988.HK side=SELL qty=25 trace_id=T-O9115 latency_ms=21
ts=2026-05-28T10:11:16.721Z level=INFO service=gateway host=gateway-host-1 pid=14115 component=egress event=ack_to_client order_id=O9115 status=ACK latency_ms=86
ts=2026-05-28T10:11:24.185Z level=INFO service=gateway host=gateway-host-2 pid=14116 component=ingress event=order_received order_id=O9116 client_id=C707 symbol=TSLA side=BUY qty=50 trace_id=T-O9116 latency_ms=12
ts=2026-05-28T10:11:24.262Z level=INFO service=gateway host=gateway-host-1 pid=14116 component=egress event=ack_to_client order_id=O9116 status=ACK latency_ms=85
ts=2026-05-28T10:11:30.621Z level=INFO service=gateway host=gateway-host-1 pid=14117 component=ingress event=order_received order_id=O9117 client_id=C505 symbol=AAPL side=SELL qty=200 trace_id=T-O9117 latency_ms=7
ts=2026-05-28T10:11:30.698Z level=INFO service=gateway host=gateway-host-1 pid=14117 component=egress event=ack_to_client order_id=O9117 status=ACK latency_ms=114
ts=2026-05-28T10:11:53.005Z level=INFO service=gateway host=gateway-host-1 pid=14118 component=ingress event=order_received order_id=O9118 client_id=C707 symbol=GOOG side=SELL qty=50 trace_id=T-O9118 latency_ms=9
ts=2026-05-28T10:11:53.082Z level=INFO service=gateway host=gateway-host-1 pid=14118 component=egress event=ack_to_client order_id=O9118 status=ACK latency_ms=105
ts=2026-05-28T10:11:54.529Z level=INFO service=gateway host=node-b component=heartbeat event=heartbeat status=ok pid=10080
ts=2026-05-28T10:12:01.379Z level=INFO service=gateway host=gateway-host-2 pid=14119 component=ingress event=order_received order_id=O9119 client_id=C303 symbol=AAPL side=SELL qty=50 trace_id=T-O9119 latency_ms=9
ts=2026-05-28T10:12:01.456Z level=INFO service=gateway host=gateway-host-1 pid=14119 component=egress event=ack_to_client order_id=O9119 status=ACK latency_ms=94
ts=2026-05-28T10:12:03.025Z level=INFO service=gateway host=gateway-host-1 component=heartbeat event=heartbeat status=ok pid=10053
ts=2026-05-28T10:12:05.592Z level=INFO service=gateway host=gateway-host-1 pid=14120 component=ingress event=order_received order_id=O9120 client_id=C404 symbol=MSFT side=BUY qty=25 trace_id=T-O9120 latency_ms=19
ts=2026-05-28T10:12:05.669Z level=INFO service=gateway host=gateway-host-1 pid=14120 component=egress event=ack_to_client order_id=O9120 status=ACK latency_ms=108
ts=2026-05-28T10:12:08.860Z level=INFO service=gateway host=gateway-host-2 pid=14121 component=ingress event=order_received order_id=O9121 client_id=C303 symbol=BRK.B side=SELL qty=100 trace_id=T-O9121 latency_ms=16
ts=2026-05-28T10:12:08.937Z level=INFO service=gateway host=gateway-host-1 pid=14121 component=egress event=ack_to_client order_id=O9121 status=ACK latency_ms=114
ts=2026-05-28T10:12:13.936Z level=INFO service=order_router host=engine-host-2 component=heartbeat event=heartbeat status=ok pid=10537
ts=2026-05-28T10:12:17.166Z level=INFO service=gateway host=gateway-host-2 pid=14122 component=ingress event=order_received order_id=O9122 client_id=C505 symbol=NVDA side=BUY qty=200 trace_id=T-O9122 latency_ms=17
ts=2026-05-28T10:12:17.243Z level=INFO service=gateway host=gateway-host-1 pid=14122 component=egress event=ack_to_client order_id=O9122 status=ACK latency_ms=105
ts=2026-05-28T10:12:18.971Z level=INFO service=gateway host=engine-host-1 component=heartbeat event=heartbeat status=ok pid=10470
ts=2026-05-28T10:12:26.911Z level=INFO service=gateway host=gateway-host-2 pid=14123 component=ingress event=order_received order_id=O9123 client_id=C404 symbol=NVDA side=SELL qty=100 trace_id=T-O9123 latency_ms=13
ts=2026-05-28T10:12:26.988Z level=INFO service=gateway host=gateway-host-1 pid=14123 component=egress event=ack_to_client order_id=O9123 status=ACK latency_ms=92
ts=2026-05-28T10:12:43.793Z level=INFO service=gateway host=gateway-host-2 pid=14124 component=ingress event=order_received order_id=O9124 client_id=C404 symbol=9988.HK side=SELL qty=50 trace_id=T-O9124 latency_ms=12
ts=2026-05-28T10:12:43.870Z level=INFO service=gateway host=gateway-host-1 pid=14124 component=egress event=ack_to_client order_id=O9124 status=ACK latency_ms=120
ts=2026-05-28T10:12:48.813Z level=INFO service=gateway host=gateway-host-1 pid=14125 component=ingress event=order_received order_id=O9125 client_id=C900 symbol=NVDA side=SELL qty=10 trace_id=T-O9125 latency_ms=12
ts=2026-05-28T10:12:48.890Z level=INFO service=gateway host=gateway-host-1 pid=14125 component=egress event=ack_to_client order_id=O9125 status=ACK latency_ms=105
ts=2026-05-28T10:12:56.436Z level=INFO service=gateway host=gateway-host-1 pid=14126 component=ingress event=order_received order_id=O9126 client_id=C303 symbol=AAPL side=BUY qty=100 trace_id=T-O9126 latency_ms=10
ts=2026-05-28T10:12:56.513Z level=INFO service=gateway host=gateway-host-1 pid=14126 component=egress event=ack_to_client order_id=O9126 status=ACK latency_ms=126
ts=2026-05-28T10:12:58.094Z level=INFO service=order_router host=exec-pub-host-1 component=heartbeat event=heartbeat status=ok pid=10218
ts=2026-05-28T10:13:00.186Z level=INFO service=gateway host=gateway-host-2 pid=14127 component=ingress event=order_received order_id=O9127 client_id=C111 symbol=AMZN side=SELL qty=10 trace_id=T-O9127 latency_ms=3
ts=2026-05-28T10:13:00.263Z level=INFO service=gateway host=gateway-host-1 pid=14127 component=egress event=ack_to_client order_id=O9127 status=ACK latency_ms=119
ts=2026-05-28T10:13:01.734Z level=INFO service=gateway host=node-c component=heartbeat event=heartbeat status=ok pid=10857
ts=2026-05-28T10:13:08.201Z level=INFO service=gateway host=engine-host-1 component=heartbeat event=heartbeat status=ok pid=10662
ts=2026-05-28T10:13:15.899Z level=INFO service=gateway host=gateway-host-2 pid=14128 component=ingress event=order_received order_id=O9128 client_id=C606 symbol=TSLA side=BUY qty=25 trace_id=T-O9128 latency_ms=17
ts=2026-05-28T10:13:15.976Z level=INFO service=gateway host=gateway-host-1 pid=14128 component=egress event=ack_to_client order_id=O9128 status=ACK latency_ms=133
ts=2026-05-28T10:13:21.658Z level=INFO service=gateway host=node-c component=heartbeat event=heartbeat status=ok pid=10229
ts=2026-05-28T10:13:35.254Z level=INFO service=gateway host=gateway-host-1 pid=14129 component=ingress event=order_received order_id=O9129 client_id=C202 symbol=META side=BUY qty=200 trace_id=T-O9129 latency_ms=5
ts=2026-05-28T10:13:35.331Z level=INFO service=gateway host=gateway-host-1 pid=14129 component=egress event=ack_to_client order_id=O9129 status=ACK latency_ms=83
ts=2026-05-28T10:13:39.191Z level=INFO service=gateway host=gateway-host-2 pid=14130 component=ingress event=order_received order_id=O9130 client_id=C818 symbol=NVDA side=SELL qty=200 trace_id=T-O9130 latency_ms=20
ts=2026-05-28T10:13:39.268Z level=INFO service=gateway host=gateway-host-1 pid=14130 component=egress event=ack_to_client order_id=O9130 status=ACK latency_ms=124
ts=2026-05-28T10:13:45.153Z level=INFO service=gateway host=gateway-host-2 pid=14131 component=ingress event=order_received order_id=O9131 client_id=C505 symbol=BRK.B side=SELL qty=50 trace_id=T-O9131 latency_ms=11
ts=2026-05-28T10:13:45.230Z level=INFO service=gateway host=gateway-host-1 pid=14131 component=egress event=ack_to_client order_id=O9131 status=ACK latency_ms=87
ts=2026-05-28T10:13:49.392Z level=INFO service=gateway host=gateway-host-2 pid=14132 component=ingress event=order_received order_id=O9132 client_id=C818 symbol=TSLA side=SELL qty=25 trace_id=T-O9132 latency_ms=4
ts=2026-05-28T10:13:49.469Z level=INFO service=gateway host=gateway-host-1 pid=14132 component=egress event=ack_to_client order_id=O9132 status=ACK latency_ms=137
ts=2026-05-28T10:13:59.409Z level=INFO service=gateway host=gateway-host-2 pid=14133 component=ingress event=order_received order_id=O9133 client_id=C111 symbol=9988.HK side=BUY qty=25 trace_id=T-O9133 latency_ms=12
ts=2026-05-28T10:13:59.486Z level=INFO service=gateway host=gateway-host-1 pid=14133 component=egress event=ack_to_client order_id=O9133 status=ACK latency_ms=89
ts=2026-05-28T10:14:09.439Z level=INFO service=gateway host=gateway-host-2 pid=14134 component=ingress event=order_received order_id=O9134 client_id=C404 symbol=AAPL side=BUY qty=10 trace_id=T-O9134 latency_ms=7
ts=2026-05-28T10:14:09.516Z level=INFO service=gateway host=gateway-host-1 pid=14134 component=egress event=ack_to_client order_id=O9134 status=ACK latency_ms=100
ts=2026-05-28T10:14:13.859Z level=INFO service=gateway host=gateway-host-1 pid=14135 component=ingress event=order_received order_id=O9135 client_id=C505 symbol=NVDA side=SELL qty=50 trace_id=T-O9135 latency_ms=6
ts=2026-05-28T10:14:13.936Z level=INFO service=gateway host=gateway-host-1 pid=14135 component=egress event=ack_to_client order_id=O9135 status=ACK latency_ms=137
ts=2026-05-28T10:14:17.742Z level=INFO service=gateway host=gateway-host-2 pid=14136 component=ingress event=order_received order_id=O9136 client_id=C818 symbol=GOOG side=BUY qty=50 trace_id=T-O9136 latency_ms=4
ts=2026-05-28T10:14:17.819Z level=INFO service=gateway host=gateway-host-1 pid=14136 component=egress event=ack_to_client order_id=O9136 status=ACK latency_ms=114
ts=2026-05-28T10:14:28.620Z level=INFO service=gateway host=gateway-host-1 pid=14137 component=ingress event=order_received order_id=O9137 client_id=C505 symbol=0700.HK side=BUY qty=100 trace_id=T-O9137 latency_ms=20
ts=2026-05-28T10:14:28.697Z level=INFO service=gateway host=gateway-host-1 pid=14137 component=egress event=ack_to_client order_id=O9137 status=ACK latency_ms=92
ts=2026-05-28T10:14:35.329Z level=INFO service=gateway host=gateway-host-2 pid=14138 component=ingress event=order_received order_id=O9138 client_id=C101 symbol=0700.HK side=SELL qty=50 trace_id=T-O9138 latency_ms=11
ts=2026-05-28T10:14:35.406Z level=INFO service=gateway host=gateway-host-1 pid=14138 component=egress event=ack_to_client order_id=O9138 status=ACK latency_ms=136
ts=2026-05-28T10:14:46.591Z level=INFO service=gateway host=gateway-host-2 pid=14139 component=ingress event=order_received order_id=O9139 client_id=C404 symbol=MSFT side=BUY qty=200 trace_id=T-O9139 latency_ms=17
ts=2026-05-28T10:14:46.668Z level=INFO service=gateway host=gateway-host-1 pid=14139 component=egress event=ack_to_client order_id=O9139 status=ACK latency_ms=113
ts=2026-05-28T10:14:53.757Z level=INFO service=gateway host=gateway-host-2 pid=14140 component=ingress event=order_received order_id=O9140 client_id=C606 symbol=AAPL side=BUY qty=10 trace_id=T-O9140 latency_ms=10
ts=2026-05-28T10:14:53.834Z level=INFO service=gateway host=gateway-host-1 pid=14140 component=egress event=ack_to_client order_id=O9140 status=ACK latency_ms=136
ts=2026-05-28T10:14:56.465Z level=INFO service=gateway host=gateway-host-1 pid=14141 component=ingress event=order_received order_id=O9141 client_id=C202 symbol=9988.HK side=BUY qty=25 trace_id=T-O9141 latency_ms=5
ts=2026-05-28T10:14:56.542Z level=INFO service=gateway host=gateway-host-1 pid=14141 component=egress event=ack_to_client order_id=O9141 status=ACK latency_ms=87
ts=2026-05-28T10:15:02.666Z level=INFO service=gateway host=gateway-host-2 pid=14142 component=ingress event=order_received order_id=O9142 client_id=C818 symbol=TSLA side=SELL qty=100 trace_id=T-O9142 latency_ms=14
ts=2026-05-28T10:15:02.743Z level=INFO service=gateway host=gateway-host-1 pid=14142 component=egress event=ack_to_client order_id=O9142 status=ACK latency_ms=111
ts=2026-05-28T10:15:13.928Z level=INFO service=gateway host=gateway-host-2 pid=14143 component=ingress event=order_received order_id=O9143 client_id=C505 symbol=GOOG side=BUY qty=25 trace_id=T-O9143 latency_ms=3
ts=2026-05-28T10:15:14.005Z level=INFO service=gateway host=gateway-host-1 pid=14143 component=egress event=ack_to_client order_id=O9143 status=ACK latency_ms=136
ts=2026-05-28T10:15:19.513Z level=INFO service=gateway host=gateway-host-1 pid=14144 component=ingress event=order_received order_id=O9144 client_id=C707 symbol=9988.HK side=SELL qty=50 trace_id=T-O9144 latency_ms=9
ts=2026-05-28T10:15:19.590Z level=INFO service=gateway host=gateway-host-1 pid=14144 component=egress event=ack_to_client order_id=O9144 status=ACK latency_ms=118
ts=2026-05-28T10:15:25.271Z level=INFO service=gateway host=gateway-host-2 pid=14145 component=ingress event=order_received order_id=O9145 client_id=C707 symbol=AMZN side=SELL qty=25 trace_id=T-O9145 latency_ms=21
ts=2026-05-28T10:15:25.348Z level=INFO service=gateway host=gateway-host-1 pid=14145 component=egress event=ack_to_client order_id=O9145 status=ACK latency_ms=96
ts=2026-05-28T10:15:29.318Z level=INFO service=order_router host=exec-pub-host-1 component=heartbeat event=heartbeat status=ok pid=10181
ts=2026-05-28T10:15:32.148Z level=INFO service=gateway host=gateway-host-1 pid=14146 component=ingress event=order_received order_id=O9146 client_id=C818 symbol=MSFT side=SELL qty=100 trace_id=T-O9146 latency_ms=14
ts=2026-05-28T10:15:32.225Z level=INFO service=gateway host=gateway-host-1 pid=14146 component=egress event=ack_to_client order_id=O9146 status=ACK latency_ms=97
ts=2026-05-28T10:15:36.211Z level=INFO service=gateway host=gateway-host-2 pid=14147 component=ingress event=order_received order_id=O9147 client_id=C202 symbol=AMZN side=SELL qty=200 trace_id=T-O9147 latency_ms=11
ts=2026-05-28T10:15:36.288Z level=INFO service=gateway host=gateway-host-1 pid=14147 component=egress event=ack_to_client order_id=O9147 status=ACK latency_ms=132
ts=2026-05-28T10:15:40.380Z level=INFO service=gateway host=gateway-host-2 pid=14148 component=ingress event=order_received order_id=O9148 client_id=C303 symbol=META side=BUY qty=10 trace_id=T-O9148 latency_ms=14
ts=2026-05-28T10:15:40.457Z level=INFO service=gateway host=gateway-host-1 pid=14148 component=egress event=ack_to_client order_id=O9148 status=ACK latency_ms=125
ts=2026-05-28T10:15:41.480Z level=INFO service=gateway host=engine-host-2 component=heartbeat event=heartbeat status=ok pid=10820
ts=2026-05-28T10:15:46.689Z level=INFO service=order_router host=risk-host-1 component=heartbeat event=heartbeat status=ok pid=10497
ts=2026-05-28T10:15:51.158Z level=INFO service=gateway host=gateway-host-1 pid=14149 component=ingress event=order_received order_id=O9149 client_id=C303 symbol=GOOG side=SELL qty=100 trace_id=T-O9149 latency_ms=12
ts=2026-05-28T10:15:51.235Z level=INFO service=gateway host=gateway-host-1 pid=14149 component=egress event=ack_to_client order_id=O9149 status=ACK latency_ms=101
ts=2026-05-28T10:15:55.799Z level=INFO service=gateway host=gateway-host-2 pid=14150 component=ingress event=order_received order_id=O9150 client_id=C111 symbol=AAPL side=BUY qty=10 trace_id=T-O9150 latency_ms=19
ts=2026-05-28T10:15:55.876Z level=INFO service=gateway host=gateway-host-1 pid=14150 component=egress event=ack_to_client order_id=O9150 status=ACK latency_ms=112
ts=2026-05-28T10:16:05.015Z level=INFO service=gateway host=gateway-host-2 pid=14151 component=ingress event=order_received order_id=O9151 client_id=C505 symbol=0700.HK side=BUY qty=25 trace_id=T-O9151 latency_ms=18
ts=2026-05-28T10:16:05.092Z level=INFO service=gateway host=gateway-host-1 pid=14151 component=egress event=ack_to_client order_id=O9151 status=ACK latency_ms=123
ts=2026-05-28T10:16:09.786Z level=INFO service=gateway host=gateway-host-1 pid=14152 component=ingress event=order_received order_id=O9152 client_id=C606 symbol=9988.HK side=BUY qty=200 trace_id=T-O9152 latency_ms=11
ts=2026-05-28T10:16:09.863Z level=INFO service=gateway host=gateway-host-1 pid=14152 component=egress event=ack_to_client order_id=O9152 status=ACK latency_ms=111
ts=2026-05-28T10:16:18.676Z level=INFO service=gateway host=gateway-host-2 pid=14153 component=ingress event=order_received order_id=O9153 client_id=C111 symbol=9988.HK side=SELL qty=25 trace_id=T-O9153 latency_ms=8
ts=2026-05-28T10:16:18.753Z level=INFO service=gateway host=gateway-host-1 pid=14153 component=egress event=ack_to_client order_id=O9153 status=ACK latency_ms=138
ts=2026-05-28T10:16:26.814Z level=INFO service=gateway host=gateway-host-2 pid=14154 component=ingress event=order_received order_id=O9154 client_id=C111 symbol=NVDA side=SELL qty=200 trace_id=T-O9154 latency_ms=3
ts=2026-05-28T10:16:26.891Z level=INFO service=gateway host=gateway-host-1 pid=14154 component=egress event=ack_to_client order_id=O9154 status=ACK latency_ms=112
ts=2026-05-28T10:16:35.872Z level=INFO service=gateway host=gateway-host-2 pid=14155 component=ingress event=order_received order_id=O9155 client_id=C202 symbol=AAPL side=BUY qty=10 trace_id=T-O9155 latency_ms=10
ts=2026-05-28T10:16:35.949Z level=INFO service=gateway host=gateway-host-1 pid=14155 component=egress event=ack_to_client order_id=O9155 status=ACK latency_ms=124
ts=2026-05-28T10:16:43.365Z level=INFO service=gateway host=gateway-host-1 pid=14156 component=ingress event=order_received order_id=O9156 client_id=C606 symbol=BRK.B side=SELL qty=25 trace_id=T-O9156 latency_ms=9
ts=2026-05-28T10:16:43.442Z level=INFO service=gateway host=gateway-host-1 pid=14156 component=egress event=ack_to_client order_id=O9156 status=ACK latency_ms=83
ts=2026-05-28T10:16:49.413Z level=INFO service=gateway host=gateway-host-2 pid=14157 component=ingress event=order_received order_id=O9157 client_id=C404 symbol=GOOG side=SELL qty=200 trace_id=T-O9157 latency_ms=10
ts=2026-05-28T10:16:49.490Z level=INFO service=gateway host=gateway-host-1 pid=14157 component=egress event=ack_to_client order_id=O9157 status=ACK latency_ms=133
ts=2026-05-28T10:16:52.927Z level=INFO service=gateway host=gateway-host-1 pid=14158 component=ingress event=order_received order_id=O9158 client_id=C202 symbol=META side=BUY qty=10 trace_id=T-O9158 latency_ms=14
ts=2026-05-28T10:16:53.004Z level=INFO service=gateway host=gateway-host-1 pid=14158 component=egress event=ack_to_client order_id=O9158 status=ACK latency_ms=98
ts=2026-05-28T10:17:03.604Z level=INFO service=gateway host=gateway-host-1 pid=14159 component=ingress event=order_received order_id=O9159 client_id=C101 symbol=BRK.B side=SELL qty=100 trace_id=T-O9159 latency_ms=14
ts=2026-05-28T10:17:03.681Z level=INFO service=gateway host=gateway-host-1 pid=14159 component=egress event=ack_to_client order_id=O9159 status=ACK latency_ms=80
ts=2026-05-28T10:17:08.316Z level=INFO service=gateway host=gateway-host-2 pid=14160 component=ingress event=order_received order_id=O9160 client_id=C111 symbol=MSFT side=SELL qty=25 trace_id=T-O9160 latency_ms=20
ts=2026-05-28T10:17:08.393Z level=INFO service=gateway host=gateway-host-1 pid=14160 component=egress event=ack_to_client order_id=O9160 status=ACK latency_ms=88
ts=2026-05-28T10:17:09.668Z level=INFO service=gateway host=node-a component=heartbeat event=heartbeat status=ok pid=10679
ts=2026-05-28T10:17:11.262Z level=INFO service=gateway host=gateway-host-2 pid=14161 component=ingress event=order_received order_id=O9161 client_id=C202 symbol=TSLA side=BUY qty=50 trace_id=T-O9161 latency_ms=10
ts=2026-05-28T10:17:11.339Z level=INFO service=gateway host=gateway-host-1 pid=14161 component=egress event=ack_to_client order_id=O9161 status=ACK latency_ms=139
ts=2026-05-28T10:17:15.800Z level=INFO service=gateway host=gateway-host-2 pid=14162 component=ingress event=order_received order_id=O9162 client_id=C606 symbol=9988.HK side=BUY qty=50 trace_id=T-O9162 latency_ms=3
ts=2026-05-28T10:17:15.877Z level=INFO service=gateway host=gateway-host-1 pid=14162 component=egress event=ack_to_client order_id=O9162 status=ACK latency_ms=125
ts=2026-05-28T10:17:19.777Z level=INFO service=gateway host=gateway-host-2 pid=14163 component=ingress event=order_received order_id=O9163 client_id=C202 symbol=AMZN side=BUY qty=100 trace_id=T-O9163 latency_ms=10
ts=2026-05-28T10:17:19.854Z level=INFO service=gateway host=gateway-host-1 pid=14163 component=egress event=ack_to_client order_id=O9163 status=ACK latency_ms=89
ts=2026-05-28T10:17:30.834Z level=INFO service=gateway host=gateway-host-1 pid=14164 component=ingress event=order_received order_id=O9164 client_id=C900 symbol=META side=BUY qty=25 trace_id=T-O9164 latency_ms=9
ts=2026-05-28T10:17:30.911Z level=INFO service=gateway host=gateway-host-1 pid=14164 component=egress event=ack_to_client order_id=O9164 status=ACK latency_ms=121
ts=2026-05-28T10:17:36.226Z level=INFO service=gateway host=gateway-host-1 pid=14165 component=ingress event=order_received order_id=O9165 client_id=C505 symbol=META side=BUY qty=25 trace_id=T-O9165 latency_ms=5
ts=2026-05-28T10:17:36.303Z level=INFO service=gateway host=gateway-host-1 pid=14165 component=egress event=ack_to_client order_id=O9165 status=ACK latency_ms=137
ts=2026-05-28T10:17:38.519Z level=INFO service=gateway host=gateway-host-2 pid=14166 component=ingress event=order_received order_id=O9166 client_id=C606 symbol=NVDA side=SELL qty=100 trace_id=T-O9166 latency_ms=5
ts=2026-05-28T10:17:38.596Z level=INFO service=gateway host=gateway-host-1 pid=14166 component=egress event=ack_to_client order_id=O9166 status=ACK latency_ms=120
ts=2026-05-28T10:17:45.217Z level=INFO service=gateway host=gateway-host-1 pid=14167 component=ingress event=order_received order_id=O9167 client_id=C404 symbol=GOOG side=BUY qty=100 trace_id=T-O9167 latency_ms=6
ts=2026-05-28T10:17:45.294Z level=INFO service=gateway host=gateway-host-1 pid=14167 component=egress event=ack_to_client order_id=O9167 status=ACK latency_ms=123
ts=2026-05-28T10:17:49.575Z level=INFO service=gateway host=gateway-host-2 pid=14168 component=ingress event=order_received order_id=O9168 client_id=C900 symbol=AMZN side=SELL qty=100 trace_id=T-O9168 latency_ms=8
ts=2026-05-28T10:17:49.652Z level=INFO service=gateway host=gateway-host-1 pid=14168 component=egress event=ack_to_client order_id=O9168 status=ACK latency_ms=92
ts=2026-05-28T10:18:01.999Z level=INFO service=gateway host=gateway-host-2 pid=14169 component=ingress event=order_received order_id=O9169 client_id=C606 symbol=MSFT side=SELL qty=10 trace_id=T-O9169 latency_ms=19
ts=2026-05-28T10:18:02.076Z level=INFO service=gateway host=gateway-host-1 pid=14169 component=egress event=ack_to_client order_id=O9169 status=ACK latency_ms=93
ts=2026-05-28T10:18:17.254Z level=INFO service=gateway host=gateway-host-2 pid=14170 component=ingress event=order_received order_id=O9170 client_id=C202 symbol=META side=SELL qty=10 trace_id=T-O9170 latency_ms=3
ts=2026-05-28T10:18:17.331Z level=INFO service=gateway host=gateway-host-1 pid=14170 component=egress event=ack_to_client order_id=O9170 status=ACK latency_ms=84
ts=2026-05-28T10:18:21.492Z level=INFO service=gateway host=gateway-host-2 pid=14171 component=ingress event=order_received order_id=O9171 client_id=C101 symbol=GOOG side=SELL qty=25 trace_id=T-O9171 latency_ms=8
ts=2026-05-28T10:18:21.569Z level=INFO service=gateway host=gateway-host-1 pid=14171 component=egress event=ack_to_client order_id=O9171 status=ACK latency_ms=98
ts=2026-05-28T10:18:25.194Z level=INFO service=gateway host=gateway-host-1 pid=14172 component=ingress event=order_received order_id=O9172 client_id=C202 symbol=0700.HK side=BUY qty=200 trace_id=T-O9172 latency_ms=9
ts=2026-05-28T10:18:25.271Z level=INFO service=gateway host=gateway-host-1 pid=14172 component=egress event=ack_to_client order_id=O9172 status=ACK latency_ms=82
ts=2026-05-28T10:18:36.324Z level=INFO service=gateway host=gateway-host-2 pid=14173 component=ingress event=order_received order_id=O9173 client_id=C111 symbol=AAPL side=BUY qty=50 trace_id=T-O9173 latency_ms=17
ts=2026-05-28T10:18:36.401Z level=INFO service=gateway host=gateway-host-1 pid=14173 component=egress event=ack_to_client order_id=O9173 status=ACK latency_ms=122
ts=2026-05-28T10:18:42.710Z level=INFO service=gateway host=gateway-host-2 pid=14174 component=ingress event=order_received order_id=O9174 client_id=C404 symbol=9988.HK side=SELL qty=200 trace_id=T-O9174 latency_ms=13
ts=2026-05-28T10:18:42.787Z level=INFO service=gateway host=gateway-host-1 pid=14174 component=egress event=ack_to_client order_id=O9174 status=ACK latency_ms=101
ts=2026-05-28T10:18:47.234Z level=INFO service=gateway host=gateway-host-2 pid=14175 component=ingress event=order_received order_id=O9175 client_id=C707 symbol=BRK.B side=SELL qty=100 trace_id=T-O9175 latency_ms=13
ts=2026-05-28T10:18:47.311Z level=INFO service=gateway host=gateway-host-1 pid=14175 component=egress event=ack_to_client order_id=O9175 status=ACK latency_ms=101
ts=2026-05-28T10:18:57.458Z level=INFO service=gateway host=gateway-host-1 pid=14176 component=ingress event=order_received order_id=O9176 client_id=C101 symbol=MSFT side=BUY qty=25 trace_id=T-O9176 latency_ms=9
ts=2026-05-28T10:18:57.535Z level=INFO service=gateway host=gateway-host-1 pid=14176 component=egress event=ack_to_client order_id=O9176 status=ACK latency_ms=86
ts=2026-05-28T10:19:10.114Z level=INFO service=gateway host=gateway-host-2 pid=14177 component=ingress event=order_received order_id=O9177 client_id=C606 symbol=NVDA side=BUY qty=25 trace_id=T-O9177 latency_ms=21
ts=2026-05-28T10:19:10.191Z level=INFO service=gateway host=gateway-host-1 pid=14177 component=egress event=ack_to_client order_id=O9177 status=ACK latency_ms=88
ts=2026-05-28T10:19:20.036Z level=INFO service=gateway host=gateway-host-1 pid=14178 component=ingress event=order_received order_id=O9178 client_id=C111 symbol=AAPL side=BUY qty=10 trace_id=T-O9178 latency_ms=12
ts=2026-05-28T10:19:20.113Z level=INFO service=gateway host=gateway-host-1 pid=14178 component=egress event=ack_to_client order_id=O9178 status=ACK latency_ms=121
