ts=2026-05-28T10:06:14.868Z level=WARN pid=12002 host=node-a component=cache reason=stale_limit_snapshot age_ms=820 action=refresh_scheduled
ts=2026-05-28T10:06:24.619Z level=INFO service=risk host=risk-host-1 pid=15200 component=eval event=risk_eval order_id=O9200 client_id=C505 symbol=AMZN side=BUY qty=25 status=ACCEPT reason=within_limits latency_ms=14
ts=2026-05-28T10:06:25.418Z level=INFO service=risk host=risk-host-1 pid=15201 component=eval event=risk_eval order_id=O9201 client_id=C303 symbol=NVDA side=BUY qty=25 status=ACCEPT reason=within_limits latency_ms=12
ts=2026-05-28T10:06:27.111Z level=INFO service=risk host=risk-host-1 pid=15202 component=eval event=risk_eval order_id=O9202 client_id=C101 symbol=GOOG side=SELL qty=200 status=ACCEPT reason=within_limits latency_ms=12
ts=2026-05-28T10:06:29.231Z level=INFO service=risk host=risk-host-1 pid=15203 component=eval event=risk_eval order_id=O9203 client_id=C111 symbol=BRK.B side=SELL qty=50 status=ACCEPT reason=within_limits latency_ms=15
ts=2026-05-28T10:06:29.871Z level=INFO service=risk host=risk-host-1 pid=15204 component=eval event=risk_eval order_id=O9204 client_id=C303 symbol=NVDA side=SELL qty=50 status=ACCEPT reason=within_limits latency_ms=11
ts=2026-05-28T10:06:31.664Z level=INFO service=risk host=risk-host-1 pid=15205 component=eval event=risk_eval order_id=O9205 client_id=C818 symbol=MSFT side=SELL qty=100 status=ACCEPT reason=within_limits latency_ms=5
ts=2026-05-28T10:06:34.188Z level=INFO service=risk host=risk-host-1 pid=15206 component=eval event=risk_eval order_id=O9206 client_id=C303 symbol=META side=BUY qty=25 status=ACCEPT reason=within_limits latency_ms=7
ts=2026-05-28T10:06:35.196Z level=INFO service=risk host=risk-host-1 pid=15207 component=eval event=risk_eval order_id=O9207 client_id=C900 symbol=AMZN side=BUY qty=25 status=ACCEPT reason=within_limits latency_ms=17
ts=2026-05-28T10:06:37.577Z level=INFO service=risk host=risk-host-1 pid=15208 component=eval event=risk_eval order_id=O9208 client_id=C505 symbol=0700.HK side=SELL qty=200 status=ACCEPT reason=within_limits latency_ms=9
ts=2026-05-28T10:06:39.352Z level=INFO service=risk host=risk-host-1 pid=15209 component=eval event=risk_eval order_id=O9209 client_id=C111 symbol=9988.HK side=BUY qty=10 status=ACCEPT reason=within_limits latency_ms=6
ts=2026-05-28T10:06:40.485Z level=INFO service=risk host=risk-host-1 pid=15210 component=eval event=risk_eval order_id=O9210 client_id=C606 symbol=GOOG side=SELL qty=10 status=ACCEPT reason=within_limits latency_ms=14
ts=2026-05-28T10:06:42.835Z level=INFO service=risk host=risk-host-1 pid=15211 component=eval event=risk_eval order_id=O9211 client_id=C505 symbol=9988.HK side=BUY qty=100 status=ACCEPT reason=within_limits latency_ms=11
ts=2026-05-28T10:06:44.400Z level=INFO service=risk host=risk-host-1 pid=15212 component=eval event=risk_eval order_id=O9212 client_id=C818 symbol=GOOG side=BUY qty=50 status=ACCEPT reason=within_limits latency_ms=11
ts=2026-05-28T10:06:45.378Z level=INFO service=risk host=risk-host-1 pid=15213 component=eval event=risk_eval order_id=O9213 client_id=C606 symbol=MSFT side=BUY qty=200 status=ACCEPT reason=within_limits latency_ms=18
ts=2026-05-28T10:06:47.869Z level=INFO service=risk host=risk-host-1 pid=15214 component=eval event=risk_eval order_id=O9214 client_id=C707 symbol=MSFT side=BUY qty=10 status=ACCEPT reason=within_limits latency_ms=12
ts=2026-05-28T10:06:01.760Z level=INFO service=risk host=risk-host-1 pid=9301 component=eval event=risk_eval order_id=O6006 status=ACCEPT reason=within_limits latency_ms=8
ts=2026-05-28T10:06:05.376Z level=INFO service=risk host=risk-host-1 component=heartbeat event=heartbeat status=ok pid=10624
ts=2026-05-28T10:06:09.644Z level=INFO service=risk host=risk-host-1 pid=15100 component=eval event=risk_eval order_id=O9100 client_id=C202 symbol=AMZN side=BUY qty=25 status=ACCEPT reason=within_limits latency_ms=12
ts=2026-05-28T10:06:15.394Z level=INFO service=risk host=risk-host-1 pid=15101 component=eval event=risk_eval order_id=O9101 client_id=C505 symbol=AAPL side=SELL qty=50 status=ACCEPT reason=within_limits latency_ms=4
ts=2026-05-28T10:06:20.994Z level=INFO service=risk host=risk-host-1 pid=15102 component=eval event=risk_eval order_id=O9102 client_id=C505 symbol=BRK.B side=SELL qty=10 status=ACCEPT reason=within_limits latency_ms=18
ts=2026-05-28T10:06:26.688Z level=INFO service=risk host=risk-host-1 pid=15103 component=eval event=risk_eval order_id=O9103 client_id=C202 symbol=AAPL side=SELL qty=10 status=ACCEPT reason=within_limits latency_ms=10
ts=2026-05-28T10:06:30.905Z level=INFO service=risk host=risk-host-1 pid=15104 component=eval event=risk_eval order_id=O9104 client_id=C202 symbol=NVDA side=BUY qty=50 status=ACCEPT reason=within_limits latency_ms=8
ts=2026-05-28T10:06:36.649Z level=INFO service=risk host=risk-host-1 pid=15105 component=eval event=risk_eval order_id=O9105 client_id=C707 symbol=NVDA side=BUY qty=100 status=ACCEPT reason=within_limits latency_ms=9
ts=2026-05-28T10:06:41.566Z level=INFO service=risk host=risk-host-1 pid=15106 component=eval event=risk_eval order_id=O9106 client_id=C101 symbol=NVDA side=SELL qty=10 status=ACCEPT reason=within_limits latency_ms=9
ts=2026-05-28T10:06:46.606Z level=INFO service=risk host=node-c component=heartbeat event=heartbeat status=ok pid=10039
ts=2026-05-28T10:06:49.608Z level=INFO service=risk host=risk-host-1 pid=15107 component=eval event=risk_eval order_id=O9107 client_id=C818 symbol=BRK.B side=SELL qty=200 status=ACCEPT reason=within_limits latency_ms=15
ts=2026-05-28T10:07:00.206Z level=INFO service=risk host=risk-host-1 pid=15108 component=eval event=risk_eval order_id=O9108 client_id=C900 symbol=MSFT side=BUY qty=25 status=ACCEPT reason=within_limits latency_ms=7
ts=2026-05-28T10:07:08.624Z level=INFO service=risk host=risk-host-1 pid=15109 component=eval event=risk_eval order_id=O9109 client_id=C707 symbol=AMZN side=BUY qty=50 status=ACCEPT reason=within_limits latency_ms=4
ts=2026-05-28T10:07:13.209Z level=INFO service=risk host=risk-host-1 pid=15110 component=eval event=risk_eval order_id=O9110 client_id=C818 symbol=AAPL side=SELL qty=200 status=ACCEPT reason=within_limits latency_ms=15
ts=2026-05-28T10:07:18.425Z level=INFO service=risk host=risk-host-1 pid=15111 component=eval event=risk_eval order_id=O9111 client_id=C111 symbol=AMZN side=SELL qty=200 status=ACCEPT reason=within_limits latency_ms=8
ts=2026-05-28T10:07:24.805Z level=INFO service=risk host=risk-host-1 pid=15112 component=eval event=risk_eval order_id=O9112 client_id=C818 symbol=BRK.B side=SELL qty=50 status=ACCEPT reason=within_limits latency_ms=11
ts=2026-05-28T10:07:30.547Z level=INFO service=risk host=risk-host-1 pid=15113 component=eval event=risk_eval order_id=O9113 client_id=C101 symbol=AAPL side=SELL qty=25 status=ACCEPT reason=within_limits latency_ms=4
ts=2026-05-28T10:07:40.927Z level=INFO service=risk host=risk-host-1 pid=15114 component=eval event=risk_eval order_id=O9114 client_id=C111 symbol=TSLA side=SELL qty=200 status=ACCEPT reason=within_limits latency_ms=11
ts=2026-05-28T10:07:42.064Z level=INFO service=risk host=node-a component=heartbeat event=heartbeat status=ok pid=10827
ts=2026-05-28T10:07:49.418Z level=INFO service=risk host=risk-host-1 pid=15115 component=eval event=risk_eval order_id=O9115 client_id=C202 symbol=TSLA side=SELL qty=25 status=ACCEPT reason=within_limits latency_ms=4
ts=2026-05-28T10:08:00.025Z level=INFO service=risk host=risk-host-1 pid=15116 component=eval event=risk_eval order_id=O9116 client_id=C900 symbol=BRK.B side=SELL qty=25 status=ACCEPT reason=within_limits latency_ms=15
ts=2026-05-28T10:08:05.712Z level=INFO service=risk host=risk-host-1 pid=15117 component=eval event=risk_eval order_id=O9117 client_id=C818 symbol=META side=BUY qty=50 status=ACCEPT reason=within_limits latency_ms=10
ts=2026-05-28T10:08:12.665Z level=INFO service=risk host=risk-host-1 pid=15118 component=eval event=risk_eval order_id=O9118 client_id=C505 symbol=MSFT side=BUY qty=50 status=ACCEPT reason=within_limits latency_ms=12
ts=2026-05-28T10:08:16.563Z level=INFO service=risk host=risk-host-1 pid=15119 component=eval event=risk_eval order_id=O9119 client_id=C606 symbol=AMZN side=SELL qty=10 status=ACCEPT reason=within_limits latency_ms=18
ts=2026-05-28T10:08:28.050Z level=INFO service=risk host=risk-host-1 pid=15120 component=eval event=risk_eval order_id=O9120 client_id=C505 symbol=META side=BUY qty=25 status=ACCEPT reason=within_limits latency_ms=5
ts=2026-05-28T10:08:34.487Z level=INFO service=risk host=risk-host-1 pid=15121 component=eval event=risk_eval order_id=O9121 client_id=C202 symbol=AAPL side=SELL qty=100 status=ACCEPT reason=within_limits latency_ms=16
ts=2026-05-28T10:08:40.431Z level=INFO service=risk host=risk-host-1 pid=15122 component=eval event=risk_eval order_id=O9122 client_id=C818 symbol=9988.HK side=BUY qty=10 status=ACCEPT reason=within_limits latency_ms=7
ts=2026-05-28T10:08:45.182Z level=INFO service=risk host=risk-host-1 pid=15123 component=eval event=risk_eval order_id=O9123 client_id=C202 symbol=NVDA side=SELL qty=50 status=ACCEPT reason=within_limits latency_ms=9
ts=2026-05-28T10:08:57.207Z level=INFO service=risk host=risk-host-1 pid=15124 component=eval event=risk_eval order_id=O9124 client_id=C404 symbol=AMZN side=SELL qty=200 status=ACCEPT reason=within_limits latency_ms=7
ts=2026-05-28T10:09:02.101Z level=INFO service=risk host=risk-host-1 pid=15125 component=eval event=risk_eval order_id=O9125 client_id=C111 symbol=9988.HK side=SELL qty=50 status=ACCEPT reason=within_limits latency_ms=18
ts=2026-05-28T10:09:19.054Z level=INFO service=risk host=risk-host-1 pid=15126 component=eval event=risk_eval order_id=O9126 client_id=C505 symbol=MSFT side=BUY qty=10 status=ACCEPT reason=within_limits latency_ms=17
ts=2026-05-28T10:09:24.417Z level=INFO service=risk host=risk-host-1 pid=15127 component=eval event=risk_eval order_id=O9127 client_id=C606 symbol=GOOG side=BUY qty=25 status=ACCEPT reason=within_limits latency_ms=4
ts=2026-05-28T10:09:37.710Z level=INFO service=risk host=risk-host-1 pid=15128 component=eval event=risk_eval order_id=O9128 client_id=C707 symbol=AMZN side=BUY qty=100 status=ACCEPT reason=within_limits latency_ms=4
ts=2026-05-28T10:09:43.004Z level=INFO service=risk host=risk-host-1 pid=15129 component=eval event=risk_eval order_id=O9129 client_id=C606 symbol=AAPL side=BUY qty=50 status=ACCEPT reason=within_limits latency_ms=8
ts=2026-05-28T10:09:47.051Z level=INFO service=risk host=risk-host-1 pid=15130 component=eval event=risk_eval order_id=O9130 client_id=C202 symbol=AMZN side=SELL qty=100 status=ACCEPT reason=within_limits latency_ms=17
ts=2026-05-28T10:09:48.720Z level=INFO service=risk host=engine-host-1 component=heartbeat event=heartbeat status=ok pid=10673
ts=2026-05-28T10:09:57.187Z level=INFO service=risk host=risk-host-1 pid=15131 component=eval event=risk_eval order_id=O9131 client_id=C606 symbol=META side=BUY qty=200 status=ACCEPT reason=within_limits latency_ms=5
ts=2026-05-28T10:10:01.905Z level=INFO service=risk host=risk-host-1 pid=15132 component=eval event=risk_eval order_id=O9132 client_id=C818 symbol=9988.HK side=BUY qty=100 status=ACCEPT reason=within_limits latency_ms=13
ts=2026-05-28T10:10:13.629Z level=INFO service=risk host=risk-host-1 pid=15133 component=eval event=risk_eval order_id=O9133 client_id=C202 symbol=META side=SELL qty=50 status=ACCEPT reason=within_limits latency_ms=14
ts=2026-05-28T10:10:17.237Z level=INFO service=risk host=risk-host-1 pid=15134 component=eval event=risk_eval order_id=O9134 client_id=C606 symbol=AMZN side=SELL qty=50 status=ACCEPT reason=within_limits latency_ms=9
ts=2026-05-28T10:10:21.924Z level=INFO service=risk host=risk-host-1 pid=15135 component=eval event=risk_eval order_id=O9135 client_id=C111 symbol=AMZN side=SELL qty=10 status=ACCEPT reason=within_limits latency_ms=8
ts=2026-05-28T10:10:26.003Z level=INFO service=risk host=risk-host-1 pid=15136 component=eval event=risk_eval order_id=O9136 client_id=C202 symbol=META side=BUY qty=50 status=ACCEPT reason=within_limits latency_ms=15
ts=2026-05-28T10:10:27.176Z level=INFO service=risk host=risk-host-1 component=heartbeat event=heartbeat status=ok pid=10052
ts=2026-05-28T10:10:37.454Z level=INFO service=risk host=risk-host-1 pid=15137 component=eval event=risk_eval order_id=O9137 client_id=C101 symbol=AMZN side=SELL qty=10 status=ACCEPT reason=within_limits latency_ms=18
ts=2026-05-28T10:10:42.237Z level=INFO service=risk host=risk-host-1 pid=15138 component=eval event=risk_eval order_id=O9138 client_id=C818 symbol=NVDA side=SELL qty=25 status=ACCEPT reason=within_limits latency_ms=11
ts=2026-05-28T10:10:50.036Z level=INFO service=risk host=risk-host-1 pid=15139 component=eval event=risk_eval order_id=O9139 client_id=C404 symbol=9988.HK side=BUY qty=50 status=ACCEPT reason=within_limits latency_ms=12
ts=2026-05-28T10:10:54.114Z level=INFO service=risk host=risk-host-1 pid=15140 component=eval event=risk_eval order_id=O9140 client_id=C404 symbol=META side=SELL qty=100 status=ACCEPT reason=within_limits latency_ms=5
ts=2026-05-28T10:10:58.964Z level=INFO service=risk host=risk-host-1 pid=15141 component=eval event=risk_eval order_id=O9141 client_id=C900 symbol=9988.HK side=SELL qty=25 status=ACCEPT reason=within_limits latency_ms=16
ts=2026-05-28T10:11:05.614Z level=INFO service=risk host=risk-host-1 pid=15142 component=eval event=risk_eval order_id=O9142 client_id=C707 symbol=META side=BUY qty=25 status=ACCEPT reason=within_limits latency_ms=10
ts=2026-05-28T10:11:08.117Z level=INFO service=risk host=risk-host-1 pid=15143 component=eval event=risk_eval order_id=O9143 client_id=C303 symbol=AMZN side=SELL qty=10 status=ACCEPT reason=within_limits latency_ms=16
ts=2026-05-28T10:11:09.346Z level=INFO service=risk host=gateway-host-1 component=heartbeat event=heartbeat status=ok pid=10397
ts=2026-05-28T10:11:10.966Z level=INFO service=risk host=risk-host-1 pid=15144 component=eval event=risk_eval order_id=O9144 client_id=C707 symbol=0700.HK side=SELL qty=25 status=ACCEPT reason=within_limits latency_ms=8
ts=2026-05-28T10:11:12.915Z level=INFO service=risk host=node-c component=heartbeat event=heartbeat status=ok pid=10615
ts=2026-05-28T10:11:25.527Z level=INFO service=risk host=risk-host-1 pid=15145 component=eval event=risk_eval order_id=O9145 client_id=C303 symbol=META side=SELL qty=25 status=ACCEPT reason=within_limits latency_ms=13
ts=2026-05-28T10:11:34.242Z level=INFO service=risk host=risk-host-1 pid=15146 component=eval event=risk_eval order_id=O9146 client_id=C900 symbol=META side=BUY qty=25 status=ACCEPT reason=within_limits latency_ms=4
ts=2026-05-28T10:11:37.148Z level=INFO service=risk host=risk-host-1 pid=15147 component=eval event=risk_eval order_id=O9147 client_id=C111 symbol=NVDA side=SELL qty=100 status=ACCEPT reason=within_limits latency_ms=4
ts=2026-05-28T10:11:41.333Z level=INFO service=risk host=risk-host-1 pid=15148 component=eval event=risk_eval order_id=O9148 client_id=C404 symbol=MSFT side=SELL qty=200 status=ACCEPT reason=within_limits latency_ms=18
ts=2026-05-28T10:11:47.234Z level=INFO service=risk host=risk-host-1 pid=15149 component=eval event=risk_eval order_id=O9149 client_id=C707 symbol=AMZN side=SELL qty=25 status=ACCEPT reason=within_limits latency_ms=8
ts=2026-05-28T10:11:54.372Z level=INFO service=risk host=risk-host-1 pid=15150 component=eval event=risk_eval order_id=O9150 client_id=C818 symbol=META side=SELL qty=50 status=ACCEPT reason=within_limits latency_ms=18
ts=2026-05-28T10:11:58.225Z level=INFO service=risk host=risk-host-1 pid=15151 component=eval event=risk_eval order_id=O9151 client_id=C900 symbol=META side=BUY qty=10 status=ACCEPT reason=within_limits latency_ms=10
ts=2026-05-28T10:12:01.868Z level=INFO service=risk host=risk-host-1 pid=15152 component=eval event=risk_eval order_id=O9152 client_id=C505 symbol=AMZN side=SELL qty=10 status=ACCEPT reason=within_limits latency_ms=17
ts=2026-05-28T10:12:04.215Z level=INFO service=risk host=engine-host-1 component=heartbeat event=heartbeat status=ok pid=10750
ts=2026-05-28T10:12:16.203Z level=INFO service=risk host=risk-host-1 pid=15153 component=eval event=risk_eval order_id=O9153 client_id=C707 symbol=AAPL side=SELL qty=25 status=ACCEPT reason=within_limits latency_ms=7
ts=2026-05-28T10:12:22.667Z level=INFO service=risk host=risk-host-1 pid=15154 component=eval event=risk_eval order_id=O9154 client_id=C505 symbol=NVDA side=SELL qty=10 status=ACCEPT reason=within_limits latency_ms=8
ts=2026-05-28T10:12:28.061Z level=INFO service=risk host=risk-host-1 pid=15155 component=eval event=risk_eval order_id=O9155 client_id=C111 symbol=0700.HK side=SELL qty=10 status=ACCEPT reason=within_limits latency_ms=7
ts=2026-05-28T10:12:39.625Z level=INFO service=risk host=risk-host-1 pid=15156 component=eval event=risk_eval order_id=O9156 client_id=C404 symbol=AAPL side=SELL qty=100 status=ACCEPT reason=within_limits latency_ms=8
